Archive member included to satisfy reference by file (symbol)

/opt/Atollic_TrueSTUDIO_for_STM32_x86_64_9.0.0/ARMTools/bin/../lib/gcc/arm-atollic-eabi/6.3.1/../../../../arm-atollic-eabi/lib/armv7e-m/fpu/libc_nano.a(lib_a-init.o)
                              startup/startup_stm32f407xx.o (__libc_init_array)
/opt/Atollic_TrueSTUDIO_for_STM32_x86_64_9.0.0/ARMTools/bin/../lib/gcc/arm-atollic-eabi/6.3.1/../../../../arm-atollic-eabi/lib/armv7e-m/fpu/libc_nano.a(lib_a-memcpy-stub.o)
                              Middlewares/Third_Party/FreeRTOS/Source/queue.o (memcpy)
/opt/Atollic_TrueSTUDIO_for_STM32_x86_64_9.0.0/ARMTools/bin/../lib/gcc/arm-atollic-eabi/6.3.1/armv7e-m/fpu/libgcc.a(_aeabi_uldivmod.o)
                              Drivers/STM32F4xx_HAL_Driver/Src/stm32f4xx_hal_rcc.o (__aeabi_uldivmod)
/opt/Atollic_TrueSTUDIO_for_STM32_x86_64_9.0.0/ARMTools/bin/../lib/gcc/arm-atollic-eabi/6.3.1/armv7e-m/fpu/libgcc.a(_udivmoddi4.o)
                              /opt/Atollic_TrueSTUDIO_for_STM32_x86_64_9.0.0/ARMTools/bin/../lib/gcc/arm-atollic-eabi/6.3.1/armv7e-m/fpu/libgcc.a(_aeabi_uldivmod.o) (__udivmoddi4)
/opt/Atollic_TrueSTUDIO_for_STM32_x86_64_9.0.0/ARMTools/bin/../lib/gcc/arm-atollic-eabi/6.3.1/armv7e-m/fpu/libgcc.a(_dvmd_tls.o)
                              /opt/Atollic_TrueSTUDIO_for_STM32_x86_64_9.0.0/ARMTools/bin/../lib/gcc/arm-atollic-eabi/6.3.1/armv7e-m/fpu/libgcc.a(_aeabi_uldivmod.o) (__aeabi_ldiv0)

Allocating common symbols
Common symbol       size              file

defaultTaskHandle   0x4               Src/freertos.o
hadc2               0x48              Src/adc.o
hi2c1               0x54              Src/i2c.o
hi2c2               0x54              Src/i2c.o
displayTaskHandle   0x4               Src/display.o
uwTick              0x4               Drivers/STM32F4xx_HAL_Driver/Src/stm32f4xx_hal.o
xQueueRegistry      0x40              Middlewares/Third_Party/FreeRTOS/Source/queue.o
pFlash              0x20              Drivers/STM32F4xx_HAL_Driver/Src/stm32f4xx_hal_flash.o
htim5               0x3c              Src/tim.o
htim3               0x3c              Src/stm32f4xx_hal_timebase_TIM.o
hadc1               0x48              Src/adc.o
hadc3               0x48              Src/adc.o
huart1              0x40              Src/usart.o
hspi1               0x58              Src/spi.o
htim2               0x3c              Src/tim.o
hi2s2               0x48              Src/i2s.o
hi2s3               0x48              Src/i2s.o

Discarded input sections

 .text          0x0000000000000000        0x0 /opt/Atollic_TrueSTUDIO_for_STM32_x86_64_9.0.0/ARMTools/bin/../lib/gcc/arm-atollic-eabi/6.3.1/armv7e-m/fpu/crti.o
 .data          0x0000000000000000        0x0 /opt/Atollic_TrueSTUDIO_for_STM32_x86_64_9.0.0/ARMTools/bin/../lib/gcc/arm-atollic-eabi/6.3.1/armv7e-m/fpu/crti.o
 .bss           0x0000000000000000        0x0 /opt/Atollic_TrueSTUDIO_for_STM32_x86_64_9.0.0/ARMTools/bin/../lib/gcc/arm-atollic-eabi/6.3.1/armv7e-m/fpu/crti.o
 .data          0x0000000000000000        0x4 /opt/Atollic_TrueSTUDIO_for_STM32_x86_64_9.0.0/ARMTools/bin/../lib/gcc/arm-atollic-eabi/6.3.1/armv7e-m/fpu/crtbegin.o
 .text          0x0000000000000000        0x0 Drivers/STM32F4xx_HAL_Driver/Src/stm32f4xx_hal.o
 .data          0x0000000000000000        0x0 Drivers/STM32F4xx_HAL_Driver/Src/stm32f4xx_hal.o
 .bss           0x0000000000000000        0x0 Drivers/STM32F4xx_HAL_Driver/Src/stm32f4xx_hal.o
 .text.HAL_MspInit
                0x0000000000000000        0x2 Drivers/STM32F4xx_HAL_Driver/Src/stm32f4xx_hal.o
 .text.HAL_MspDeInit
                0x0000000000000000        0x2 Drivers/STM32F4xx_HAL_Driver/Src/stm32f4xx_hal.o
 .text.HAL_DeInit
                0x0000000000000000       0x2c Drivers/STM32F4xx_HAL_Driver/Src/stm32f4xx_hal.o
 .text.HAL_InitTick
                0x0000000000000000       0x48 Drivers/STM32F4xx_HAL_Driver/Src/stm32f4xx_hal.o
 .text.HAL_GetTickPrio
                0x0000000000000000        0xc Drivers/STM32F4xx_HAL_Driver/Src/stm32f4xx_hal.o
 .text.HAL_SetTickFreq
                0x0000000000000000       0x40 Drivers/STM32F4xx_HAL_Driver/Src/stm32f4xx_hal.o
 .text.HAL_GetTickFreq
                0x0000000000000000        0xc Drivers/STM32F4xx_HAL_Driver/Src/stm32f4xx_hal.o
 .text.HAL_SuspendTick
                0x0000000000000000       0x10 Drivers/STM32F4xx_HAL_Driver/Src/stm32f4xx_hal.o
 .text.HAL_ResumeTick
                0x0000000000000000       0x10 Drivers/STM32F4xx_HAL_Driver/Src/stm32f4xx_hal.o
 .text.HAL_GetHalVersion
                0x0000000000000000        0x8 Drivers/STM32F4xx_HAL_Driver/Src/stm32f4xx_hal.o
 .text.HAL_GetREVID
                0x0000000000000000        0xc Drivers/STM32F4xx_HAL_Driver/Src/stm32f4xx_hal.o
 .text.HAL_GetDEVID
                0x0000000000000000       0x10 Drivers/STM32F4xx_HAL_Driver/Src/stm32f4xx_hal.o
 .text.HAL_DBGMCU_EnableDBGSleepMode
                0x0000000000000000       0x10 Drivers/STM32F4xx_HAL_Driver/Src/stm32f4xx_hal.o
 .text.HAL_DBGMCU_DisableDBGSleepMode
[...]
Memory Configuration

Name             Origin             Length             Attributes
RAM              0x0000000020000000 0x0000000000020000 xrw
CCMRAM           0x0000000010000000 0x0000000000010000 rw
FLASH            0x0000000008000000 0x0000000000100000 xr
*default*        0x0000000000000000 0xffffffffffffffff

Linker script and memory map

LOAD /opt/Atollic_TrueSTUDIO_for_STM32_x86_64_9.0.0/ARMTools/bin/../lib/gcc/arm-atollic-eabi/6.3.1/armv7e-m/fpu/crti.o
LOAD /opt/Atollic_TrueSTUDIO_for_STM32_x86_64_9.0.0/ARMTools/bin/../lib/gcc/arm-atollic-eabi/6.3.1/armv7e-m/fpu/crtbegin.o
LOAD Drivers/STM32F4xx_HAL_Driver/Src/stm32f4xx_hal.o
LOAD Drivers/STM32F4xx_HAL_Driver/Src/stm32f4xx_hal_adc.o
LOAD Drivers/STM32F4xx_HAL_Driver/Src/stm32f4xx_hal_adc_ex.o
LOAD Drivers/STM32F4xx_HAL_Driver/Src/stm32f4xx_hal_cortex.o
LOAD Drivers/STM32F4xx_HAL_Driver/Src/stm32f4xx_hal_dma.o
LOAD Drivers/STM32F4xx_HAL_Driver/Src/stm32f4xx_hal_dma_ex.o
LOAD Drivers/STM32F4xx_HAL_Driver/Src/stm32f4xx_hal_flash.o
LOAD Drivers/STM32F4xx_HAL_Driver/Src/stm32f4xx_hal_flash_ex.o
LOAD Drivers/STM32F4xx_HAL_Driver/Src/stm32f4xx_hal_flash_ramfunc.o
LOAD Drivers/STM32F4xx_HAL_Driver/Src/stm32f4xx_hal_gpio.o
LOAD Drivers/STM32F4xx_HAL_Driver/Src/stm32f4xx_hal_i2c.o
LOAD Drivers/STM32F4xx_HAL_Driver/Src/stm32f4xx_hal_i2c_ex.o
LOAD Drivers/STM32F4xx_HAL_Driver/Src/stm32f4xx_hal_i2s.o
LOAD Drivers/STM32F4xx_HAL_Driver/Src/stm32f4xx_hal_i2s_ex.o
LOAD Drivers/STM32F4xx_HAL_Driver/Src/stm32f4xx_hal_pwr.o
LOAD Drivers/STM32F4xx_HAL_Driver/Src/stm32f4xx_hal_pwr_ex.o
LOAD Drivers/STM32F4xx_HAL_Driver/Src/stm32f4xx_hal_rcc.o
LOAD Drivers/STM32F4xx_HAL_Driver/Src/stm32f4xx_hal_rcc_ex.o
LOAD Drivers/STM32F4xx_HAL_Driver/Src/stm32f4xx_hal_spi.o
LOAD Drivers/STM32F4xx_HAL_Driver/Src/stm32f4xx_hal_tim.o
LOAD Drivers/STM32F4xx_HAL_Driver/Src/stm32f4xx_hal_tim_ex.o
LOAD Drivers/STM32F4xx_HAL_Driver/Src/stm32f4xx_hal_uart.o
LOAD Middlewares/Third_Party/FreeRTOS/Source/CMSIS_RTOS/cmsis_os.o
LOAD Middlewares/Third_Party/FreeRTOS/Source/croutine.o
LOAD Middlewares/Third_Party/FreeRTOS/Source/event_groups.o
LOAD Middlewares/Third_Party/FreeRTOS/Source/list.o
LOAD Middlewares/Third_Party/FreeRTOS/Source/portable/GCC/ARM_CM4F/port.o
LOAD Middlewares/Third_Party/FreeRTOS/Source/portable/MemMang/heap_4.o
LOAD Middlewares/Third_Party/FreeRTOS/Source/queue.o
LOAD Middlewares/Third_Party/FreeRTOS/Source/tasks.o
LOAD Middlewares/Third_Party/FreeRTOS/Source/timers.o
LOAD Src/adc.o
LOAD Src/dds.o
LOAD Src/display.o
LOAD Src/freertos.o
LOAD Src/gpio.o
LOAD Src/i2c.o
LOAD Src/i2s.o
LOAD Src/main.o
LOAD Src/spi.o
LOAD Src/stm32f4xx_hal_msp.o
LOAD Src/stm32f4xx_hal_timebase_TIM.o
LOAD Src/stm32f4xx_it.o
LOAD Src/system_stm32f4xx.o
LOAD Src/tim.o
LOAD Src/usart.o
LOAD startup/startup_stm32f407xx.o
                0x0000000000000080                malloc_getpagesize_P = 0x80
START GROUP
LOAD /opt/Atollic_TrueSTUDIO_for_STM32_x86_64_9.0.0/ARMTools/bin/../lib/gcc/arm-atollic-eabi/6.3.1/../../../../arm-atollic-eabi/lib/armv7e-m/fpu/libc_nano.a
LOAD /opt/Atollic_TrueSTUDIO_for_STM32_x86_64_9.0.0/ARMTools/bin/../lib/gcc/arm-atollic-eabi/6.3.1/../../../../arm-atollic-eabi/lib/armv7e-m/fpu/libm.a
END GROUP
START GROUP
LOAD /opt/Atollic_TrueSTUDIO_for_STM32_x86_64_9.0.0/ARMTools/bin/../lib/gcc/arm-atollic-eabi/6.3.1/armv7e-m/fpu/libgcc.a
LOAD /opt/Atollic_TrueSTUDIO_for_STM32_x86_64_9.0.0/ARMTools/bin/../lib/gcc/arm-atollic-eabi/6.3.1/../../../../arm-atollic-eabi/lib/armv7e-m/fpu/libc_nano.a
END GROUP
START GROUP
LOAD /opt/Atollic_TrueSTUDIO_for_STM32_x86_64_9.0.0/ARMTools/bin/../lib/gcc/arm-atollic-eabi/6.3.1/armv7e-m/fpu/libgcc.a
LOAD /opt/Atollic_TrueSTUDIO_for_STM32_x86_64_9.0.0/ARMTools/bin/../lib/gcc/arm-atollic-eabi/6.3.1/../../../../arm-atollic-eabi/lib/armv7e-m/fpu/libc_nano.a
LOAD /opt/Atollic_TrueSTUDIO_for_STM32_x86_64_9.0.0/ARMTools/bin/../lib/gcc/arm-atollic-eabi/6.3.1/../../../../arm-atollic-eabi/lib/armv7e-m/fpu/libnosys.a
END GROUP
START GROUP
LOAD /opt/Atollic_TrueSTUDIO_for_STM32_x86_64_9.0.0/ARMTools/bin/../lib/gcc/arm-atollic-eabi/6.3.1/armv7e-m/fpu/libgcc.a
LOAD /opt/Atollic_TrueSTUDIO_for_STM32_x86_64_9.0.0/ARMTools/bin/../lib/gcc/arm-atollic-eabi/6.3.1/../../../../arm-atollic-eabi/lib/armv7e-m/fpu/libc_nano.a
LOAD /opt/Atollic_TrueSTUDIO_for_STM32_x86_64_9.0.0/ARMTools/bin/../lib/gcc/arm-atollic-eabi/6.3.1/../../../../arm-atollic-eabi/lib/armv7e-m/fpu/libnosys.a
END GROUP
LOAD /opt/Atollic_TrueSTUDIO_for_STM32_x86_64_9.0.0/ARMTools/bin/../lib/gcc/arm-atollic-eabi/6.3.1/armv7e-m/fpu/crtend.o
LOAD /opt/Atollic_TrueSTUDIO_for_STM32_x86_64_9.0.0/ARMTools/bin/../lib/gcc/arm-atollic-eabi/6.3.1/armv7e-m/fpu/crtn.o
                0x0000000020020000                _estack = 0x20020000
                0x0000000000000200                _Min_Heap_Size = 0x200
                0x0000000000000400                _Min_Stack_Size = 0x400

.isr_vector     0x0000000008000000      0x188
                0x0000000008000000                . = ALIGN (0x4)
 *(.isr_vector)
 .isr_vector    0x0000000008000000      0x188 startup/startup_stm32f407xx.o
                0x0000000008000000                g_pfnVectors
                0x0000000008000188                . = ALIGN (0x4)

.text           0x0000000008000190     0x20ec
                0x0000000008000190                . = ALIGN (0x4)
 *(.text)
 .text          0x0000000008000190       0x40 /opt/Atollic_TrueSTUDIO_for_STM32_x86_64_9.0.0/ARMTools/bin/../lib/gcc/arm-atollic-eabi/6.3.1/armv7e-m/fpu/crtbegin.o
 .text          0x00000000080001d0       0x30 /opt/Atollic_TrueSTUDIO_for_STM32_x86_64_9.0.0/ARMTools/bin/../lib/gcc/arm-atollic-eabi/6.3.1/armv7e-m/fpu/libgcc.a(_aeabi_uldivmod.o)
                0x00000000080001d0                __aeabi_uldivmod
 .text          0x0000000008000200      0x2dc /opt/Atollic_TrueSTUDIO_for_STM32_x86_64_9.0.0/ARMTools/bin/../lib/gcc/arm-atollic-eabi/6.3.1/armv7e-m/fpu/libgcc.a(_udivmoddi4.o)
                0x0000000008000200                __udivmoddi4
 .text          0x00000000080004dc        0x4 /opt/Atollic_TrueSTUDIO_for_STM32_x86_64_9.0.0/ARMTools/bin/../lib/gcc/arm-atollic-eabi/6.3.1/armv7e-m/fpu/libgcc.a(_dvmd_tls.o)
                0x00000000080004dc                __aeabi_ldiv0
                0x00000000080004dc                __aeabi_idiv0
 *(.text*)
 .text.HAL_Init
                0x00000000080004e0       0x34 Drivers/STM32F4xx_HAL_Driver/Src/stm32f4xx_hal.o
                0x00000000080004e0                HAL_Init
 .text.HAL_IncTick
                0x0000000008000514       0x18 Drivers/STM32F4xx_HAL_Driver/Src/stm32f4xx_hal.o
                0x0000000008000514                HAL_IncTick
 .text.HAL_GetTick
                0x000000000800052c        0xc Drivers/STM32F4xx_HAL_Driver/Src/stm32f4xx_hal.o
                0x000000000800052c                HAL_GetTick
 .text.HAL_Delay
                0x0000000008000538       0x28 Drivers/STM32F4xx_HAL_Driver/Src/stm32f4xx_hal.o
                0x0000000008000538                HAL_Delay
 .text.HAL_NVIC_SetPriorityGrouping
                0x0000000008000560       0x3c Drivers/STM32F4xx_HAL_Driver/Src/stm32f4xx_hal_cortex.o
                0x0000000008000560                HAL_NVIC_SetPriorityGrouping
 .text.HAL_NVIC_SetPriority
                0x000000000800059c       0x84 Drivers/STM32F4xx_HAL_Driver/Src/stm32f4xx_hal_cortex.o
                0x000000000800059c                HAL_NVIC_SetPriority
 .text.HAL_NVIC_EnableIRQ
                0x0000000008000620       0x2c Drivers/STM32F4xx_HAL_Driver/Src/stm32f4xx_hal_cortex.o
                0x0000000008000620                HAL_NVIC_EnableIRQ
 .text.HAL_SYSTICK_Config
                0x000000000800064c       0x2c Drivers/STM32F4xx_HAL_Driver/Src/stm32f4xx_hal_cortex.o
                0x000000000800064c                HAL_SYSTICK_Config
 .text.HAL_SYSTICK_CLKSourceConfig
                0x0000000008000678       0x30 Drivers/STM32F4xx_HAL_Driver/Src/stm32f4xx_hal_cortex.o
                0x0000000008000678                HAL_SYSTICK_CLKSourceConfig
 .text.HAL_GPIO_Init
                0x00000000080006a8      0x28c Drivers/STM32F4xx_HAL_Driver/Src/stm32f4xx_hal_gpio.o
                0x00000000080006a8                HAL_GPIO_Init
 .text.HAL_GPIO_WritePin
                0x0000000008000934       0x34 Drivers/STM32F4xx_HAL_Driver/Src/stm32f4xx_hal_gpio.o
                0x0000000008000934                HAL_GPIO_WritePin
 .text.HAL_RCC_OscConfig
                0x0000000008000968      0x3f0 Drivers/STM32F4xx_HAL_Driver/Src/stm32f4xx_hal_rcc.o
                0x0000000008000968                HAL_RCC_OscConfig
 .text.HAL_RCC_GetSysClockFreq
                0x0000000008000d58       0x5c Drivers/STM32F4xx_HAL_Driver/Src/stm32f4xx_hal_rcc.o
                0x0000000008000d58                HAL_RCC_GetSysClockFreq
 .text.HAL_RCC_ClockConfig
                0x0000000008000db4      0x1e8 Drivers/STM32F4xx_HAL_Driver/Src/stm32f4xx_hal_rcc.o
                0x0000000008000db4                HAL_RCC_ClockConfig
 .text.HAL_RCC_GetHCLKFreq
                0x0000000008000f9c        0xc Drivers/STM32F4xx_HAL_Driver/Src/stm32f4xx_hal_rcc.o
                0x0000000008000f9c                HAL_RCC_GetHCLKFreq
 .text.HAL_RCC_GetPCLK1Freq
                0x0000000008000fa8       0x20 Drivers/STM32F4xx_HAL_Driver/Src/stm32f4xx_hal_rcc.o
                0x0000000008000fa8                HAL_RCC_GetPCLK1Freq
 .text.HAL_RCC_GetClockConfig
                0x0000000008000fc8       0x3c Drivers/STM32F4xx_HAL_Driver/Src/stm32f4xx_hal_rcc.o
                0x0000000008000fc8                HAL_RCC_GetClockConfig
 .text.HAL_TIM_Base_Start_IT
                0x0000000008001004       0x9c Drivers/STM32F4xx_HAL_Driver/Src/stm32f4xx_hal_tim.o
                0x0000000008001004                HAL_TIM_Base_Start_IT
 .text.HAL_TIM_OC_DelayElapsedCallback
                0x00000000080010a0        0x2 Drivers/STM32F4xx_HAL_Driver/Src/stm32f4xx_hal_tim.o
                0x00000000080010a0                HAL_TIM_OC_DelayElapsedCallback
 .text.HAL_TIM_IC_CaptureCallback
                0x00000000080010a2        0x2 Drivers/STM32F4xx_HAL_Driver/Src/stm32f4xx_hal_tim.o
                0x00000000080010a2                HAL_TIM_IC_CaptureCallback
 .text.HAL_TIM_PWM_PulseFinishedCallback
                0x00000000080010a4        0x2 Drivers/STM32F4xx_HAL_Driver/Src/stm32f4xx_hal_tim.o
                0x00000000080010a4                HAL_TIM_PWM_PulseFinishedCallback
 .text.HAL_TIM_TriggerCallback
                0x00000000080010a6        0x2 Drivers/STM32F4xx_HAL_Driver/Src/stm32f4xx_hal_tim.o
                0x00000000080010a6                HAL_TIM_TriggerCallback
 .text.HAL_TIM_IRQHandler
                0x00000000080010a8      0x144 Drivers/STM32F4xx_HAL_Driver/Src/stm32f4xx_hal_tim.o
                0x00000000080010a8                HAL_TIM_IRQHandler
 .text.TIM_Base_SetConfig
                0x00000000080011ec       0xc8 Drivers/STM32F4xx_HAL_Driver/Src/stm32f4xx_hal_tim.o
                0x00000000080011ec                TIM_Base_SetConfig
 .text.HAL_TIM_Base_Init
                0x00000000080012b4       0xe8 Drivers/STM32F4xx_HAL_Driver/Src/stm32f4xx_hal_tim.o
                0x00000000080012b4                HAL_TIM_Base_Init
 .text.HAL_TIMEx_CommutationCallback
                0x000000000800139c        0x2 Drivers/STM32F4xx_HAL_Driver/Src/stm32f4xx_hal_tim_ex.o
                0x000000000800139c                HAL_TIMEx_CommutationCallback
 .text.HAL_TIMEx_BreakCallback
                0x000000000800139e        0x2 Drivers/STM32F4xx_HAL_Driver/Src/stm32f4xx_hal_tim_ex.o
                0x000000000800139e                HAL_TIMEx_BreakCallback
 .text.osSystickHandler
                0x00000000080013a0       0x14 Middlewares/Third_Party/FreeRTOS/Source/CMSIS_RTOS/cmsis_os.o
                0x00000000080013a0                osSystickHandler
 .text.vListInsertEnd
                0x00000000080013b4       0x18 Middlewares/Third_Party/FreeRTOS/Source/list.o
                0x00000000080013b4                vListInsertEnd
 .text.uxListRemove
                0x00000000080013cc       0x20 Middlewares/Third_Party/FreeRTOS/Source/list.o
                0x00000000080013cc                uxListRemove
 *fill*         0x00000000080013ec        0x4 
 .text.SVC_Handler
                0x00000000080013f0       0x24 Middlewares/Third_Party/FreeRTOS/Source/portable/GCC/ARM_CM4F/port.o
                0x00000000080013f0                SVC_Handler
 *fill*         0x0000000008001414        0xc 
 .text.PendSV_Handler
                0x0000000008001420       0x64 Middlewares/Third_Party/FreeRTOS/Source/portable/GCC/ARM_CM4F/port.o
                0x0000000008001420                PendSV_Handler
 .text.xPortSysTickHandler
                0x0000000008001484       0x2c Middlewares/Third_Party/FreeRTOS/Source/portable/GCC/ARM_CM4F/port.o
                0x0000000008001484                xPortSysTickHandler
 .text.prvResetNextTaskUnblockTime
                0x00000000080014b0       0x24 Middlewares/Third_Party/FreeRTOS/Source/tasks.o
 .text.xTaskIncrementTick
                0x00000000080014d4      0x124 Middlewares/Third_Party/FreeRTOS/Source/tasks.o
                0x00000000080014d4                xTaskIncrementTick
 .text.vTaskSwitchContext
                0x00000000080015f8       0x74 Middlewares/Third_Party/FreeRTOS/Source/tasks.o
                0x00000000080015f8                vTaskSwitchContext
 .text.xTaskGetSchedulerState
                0x000000000800166c       0x20 Middlewares/Third_Party/FreeRTOS/Source/tasks.o
                0x000000000800166c                xTaskGetSchedulerState
 .text.setVFO   0x000000000800168c       0xd4 Src/dds.o
                0x000000000800168c                setVFO
 .text.getDigitFromInt
                0x0000000008001760       0x28 Src/display.o
                0x0000000008001760                getDigitFromInt
 .text.getDigitMask
                0x0000000008001788       0x10 Src/display.o
                0x0000000008001788                getDigitMask
 .text.updateCharacterDisplay
                0x0000000008001798      0x110 Src/display.o
                0x0000000008001798                updateCharacterDisplay
 .text.updateRgDisplay
                0x00000000080018a8      0x338 Src/display.o
                0x00000000080018a8                updateRgDisplay
 .text.updateStatusDisplay
                0x0000000008001be0       0xcc Src/display.o
                0x0000000008001be0                updateStatusDisplay
 .text.MX_GPIO_Init
                0x0000000008001cac      0x1e4 Src/gpio.o
                0x0000000008001cac                MX_GPIO_Init
 .text.SystemClock_Config
                0x0000000008001e90       0xb0 Src/main.o
                0x0000000008001e90                SystemClock_Config
 .text.startup.main
                0x0000000008001f40       0xdc Src/main.o
                0x0000000008001f40                main
 .text.HAL_TIM_PeriodElapsedCallback
                0x000000000800201c       0x14 Src/main.o
                0x000000000800201c                HAL_TIM_PeriodElapsedCallback
 .text.assert_failed
                0x0000000008002030        0x2 Src/main.o
                0x0000000008002030                assert_failed
 .text.HAL_MspInit
                0x0000000008002032       0x60 Src/stm32f4xx_hal_msp.o
                0x0000000008002032                HAL_MspInit
 *fill*         0x0000000008002092        0x2 
 .text.HAL_InitTick
                0x0000000008002094       0x7c Src/stm32f4xx_hal_timebase_TIM.o
                0x0000000008002094                HAL_InitTick
 .text.NMI_Handler
                0x0000000008002110        0x2 Src/stm32f4xx_it.o
                0x0000000008002110                NMI_Handler
 .text.HardFault_Handler
                0x0000000008002112        0x2 Src/stm32f4xx_it.o
                0x0000000008002112                HardFault_Handler
 .text.MemManage_Handler
                0x0000000008002114        0x2 Src/stm32f4xx_it.o
                0x0000000008002114                MemManage_Handler
 .text.BusFault_Handler
                0x0000000008002116        0x2 Src/stm32f4xx_it.o
                0x0000000008002116                BusFault_Handler
 .text.UsageFault_Handler
                0x0000000008002118        0x2 Src/stm32f4xx_it.o
                0x0000000008002118                UsageFault_Handler
 .text.DebugMon_Handler
                0x000000000800211a        0x2 Src/stm32f4xx_it.o
                0x000000000800211a                DebugMon_Handler
 .text.SysTick_Handler
                0x000000000800211c        0x4 Src/stm32f4xx_it.o
                0x000000000800211c                SysTick_Handler
 .text.TIM3_IRQHandler
                0x0000000008002120        0xc Src/stm32f4xx_it.o
                0x0000000008002120                TIM3_IRQHandler
 .text.SystemInit
                0x000000000800212c       0x4c Src/system_stm32f4xx.o
                0x000000000800212c                SystemInit
 .text.HAL_TIM_Base_MspInit
                0x0000000008002178       0x50 Src/tim.o
                0x0000000008002178                HAL_TIM_Base_MspInit
 .text.Reset_Handler
                0x00000000080021c8       0x50 startup/startup_stm32f407xx.o
                0x00000000080021c8                Reset_Handler
 .text.Default_Handler
                0x0000000008002218        0x2 startup/startup_stm32f407xx.o
                0x0000000008002218                RTC_Alarm_IRQHandler
                0x0000000008002218                HASH_RNG_IRQHandler
                0x0000000008002218                EXTI2_IRQHandler
                0x0000000008002218                TIM8_CC_IRQHandler
                0x0000000008002218                TIM1_CC_IRQHandler
                0x0000000008002218                DMA2_Stream5_IRQHandler
                0x0000000008002218                DMA1_Stream5_IRQHandler
                0x0000000008002218                PVD_IRQHandler
                0x0000000008002218                SDIO_IRQHandler
                0x0000000008002218                TAMP_STAMP_IRQHandler
                0x0000000008002218                CAN2_RX1_IRQHandler
                0x0000000008002218                EXTI3_IRQHandler
                0x0000000008002218                TIM8_TRG_COM_TIM14_IRQHandler
                0x0000000008002218                TIM1_UP_TIM10_IRQHandler
                0x0000000008002218                TIM8_UP_TIM13_IRQHandler
                0x0000000008002218                I2C3_ER_IRQHandler
                0x0000000008002218                EXTI0_IRQHandler
                0x0000000008002218                I2C2_EV_IRQHandler
                0x0000000008002218                DMA1_Stream2_IRQHandler
                0x0000000008002218                CAN1_RX0_IRQHandler
                0x0000000008002218                FPU_IRQHandler
                0x0000000008002218                OTG_HS_WKUP_IRQHandler
                0x0000000008002218                CAN2_SCE_IRQHandler
                0x0000000008002218                DMA2_Stream2_IRQHandler
                0x0000000008002218                SPI1_IRQHandler
                0x0000000008002218                TIM6_DAC_IRQHandler
                0x0000000008002218                TIM1_BRK_TIM9_IRQHandler
                0x0000000008002218                DCMI_IRQHandler
                0x0000000008002218                CAN2_RX0_IRQHandler
                0x0000000008002218                DMA2_Stream3_IRQHandler
                0x0000000008002218                USART6_IRQHandler
                0x0000000008002218                USART3_IRQHandler
                0x0000000008002218                CAN1_RX1_IRQHandler
                0x0000000008002218                UART5_IRQHandler
                0x0000000008002218                DMA2_Stream0_IRQHandler
                0x0000000008002218                TIM4_IRQHandler
                0x0000000008002218                I2C1_EV_IRQHandler
                0x0000000008002218                DMA1_Stream6_IRQHandler
                0x0000000008002218                DMA1_Stream1_IRQHandler
                0x0000000008002218                UART4_IRQHandler
                0x0000000008002218                RCC_IRQHandler
                0x0000000008002218                TIM8_BRK_TIM12_IRQHandler
                0x0000000008002218                Default_Handler
                0x0000000008002218                EXTI15_10_IRQHandler
                0x0000000008002218                ADC_IRQHandler
                0x0000000008002218                DMA1_Stream7_IRQHandler
                0x0000000008002218                TIM7_IRQHandler
                0x0000000008002218                CAN2_TX_IRQHandler
                0x0000000008002218                TIM5_IRQHandler
                0x0000000008002218                DMA2_Stream7_IRQHandler
                0x0000000008002218                I2C3_EV_IRQHandler
                0x0000000008002218                EXTI9_5_IRQHandler
                0x0000000008002218                RTC_WKUP_IRQHandler
                0x0000000008002218                ETH_WKUP_IRQHandler
                0x0000000008002218                SPI2_IRQHandler
                0x0000000008002218                OTG_HS_EP1_IN_IRQHandler
                0x0000000008002218                DMA1_Stream0_IRQHandler
                0x0000000008002218                CAN1_TX_IRQHandler
                0x0000000008002218                EXTI4_IRQHandler
                0x0000000008002218                FSMC_IRQHandler
                0x0000000008002218                ETH_IRQHandler
                0x0000000008002218                OTG_HS_EP1_OUT_IRQHandler
                0x0000000008002218                WWDG_IRQHandler
                0x0000000008002218                TIM2_IRQHandler
                0x0000000008002218                OTG_FS_WKUP_IRQHandler
                0x0000000008002218                TIM1_TRG_COM_TIM11_IRQHandler
                0x0000000008002218                OTG_HS_IRQHandler
                0x0000000008002218                EXTI1_IRQHandler
                0x0000000008002218                USART2_IRQHandler
                0x0000000008002218                I2C2_ER_IRQHandler
                0x0000000008002218                DMA2_Stream1_IRQHandler
                0x0000000008002218                CAN1_SCE_IRQHandler
                0x0000000008002218                FLASH_IRQHandler
                0x0000000008002218                DMA2_Stream4_IRQHandler
                0x0000000008002218                USART1_IRQHandler
                0x0000000008002218                OTG_FS_IRQHandler
                0x0000000008002218                SPI3_IRQHandler
                0x0000000008002218                DMA1_Stream4_IRQHandler
                0x0000000008002218                I2C1_ER_IRQHandler
                0x0000000008002218                DMA2_Stream6_IRQHandler
                0x0000000008002218                DMA1_Stream3_IRQHandler
 *fill*         0x000000000800221a        0x2 
 .text.__libc_init_array
                0x000000000800221c       0x48 /opt/Atollic_TrueSTUDIO_for_STM32_x86_64_9.0.0/ARMTools/bin/../lib/gcc/arm-atollic-eabi/6.3.1/../../../../arm-atollic-eabi/lib/armv7e-m/fpu/libc_nano.a(lib_a-init.o)
                0x000000000800221c                __libc_init_array
 *(.glue_7)
 .glue_7        0x0000000008002264        0x0 linker stubs
 *(.glue_7t)
 .glue_7t       0x0000000008002264        0x0 linker stubs
 *(.eh_frame)
 .eh_frame      0x0000000008002264        0x0 /opt/Atollic_TrueSTUDIO_for_STM32_x86_64_9.0.0/ARMTools/bin/../lib/gcc/arm-atollic-eabi/6.3.1/armv7e-m/fpu/crtbegin.o
 *(.init)
 .init          0x0000000008002264        0x4 /opt/Atollic_TrueSTUDIO_for_STM32_x86_64_9.0.0/ARMTools/bin/../lib/gcc/arm-atollic-eabi/6.3.1/armv7e-m/fpu/crti.o
                0x0000000008002264                _init
 .init          0x0000000008002268        0x8 /opt/Atollic_TrueSTUDIO_for_STM32_x86_64_9.0.0/ARMTools/bin/../lib/gcc/arm-atollic-eabi/6.3.1/armv7e-m/fpu/crtn.o
 *(.fini)
 .fini          0x0000000008002270        0x4 /opt/Atollic_TrueSTUDIO_for_STM32_x86_64_9.0.0/ARMTools/bin/../lib/gcc/arm-atollic-eabi/6.3.1/armv7e-m/fpu/crti.o
                0x0000000008002270                _fini
 .fini          0x0000000008002274        0x8 /opt/Atollic_TrueSTUDIO_for_STM32_x86_64_9.0.0/ARMTools/bin/../lib/gcc/arm-atollic-eabi/6.3.1/armv7e-m/fpu/crtn.o
                0x000000000800227c                . = ALIGN (0x4)
                0x000000000800227c                _etext = .

.vfp11_veneer   0x000000000800227c        0x0
 .vfp11_veneer  0x000000000800227c        0x0 linker stubs

.v4_bx          0x000000000800227c        0x0
 .v4_bx         0x000000000800227c        0x0 linker stubs

.iplt           0x000000000800227c        0x0
 .iplt          0x000000000800227c        0x0 /opt/Atollic_TrueSTUDIO_for_STM32_x86_64_9.0.0/ARMTools/bin/../lib/gcc/arm-atollic-eabi/6.3.1/armv7e-m/fpu/crtbegin.o

.rodata         0x000000000800227c      0x108
                0x000000000800227c                . = ALIGN (0x4)
 *(.rodata)
 *(.rodata*)
 .rodata.HAL_NVIC_SetPriorityGrouping.str1.1
                0x000000000800227c       0x3b Drivers/STM32F4xx_HAL_Driver/Src/stm32f4xx_hal_cortex.o
 .rodata.HAL_GPIO_Init.str1.1
                0x00000000080022b7       0x39 Drivers/STM32F4xx_HAL_Driver/Src/stm32f4xx_hal_gpio.o
 .rodata.HAL_RCC_OscConfig.str1.1
                0x00000000080022f0       0x38 Drivers/STM32F4xx_HAL_Driver/Src/stm32f4xx_hal_rcc.o
 .rodata.TIM_OC3_SetConfig.str1.1
                0x0000000008002328       0x38 Drivers/STM32F4xx_HAL_Driver/Src/stm32f4xx_hal_tim.o
 .rodata.CSWTCH.9
                0x0000000008002360        0xa Src/display.o
 .rodata.AHBPrescTable
                0x000000000800236a       0x10 Src/system_stm32f4xx.o
                0x000000000800236a                AHBPrescTable
 .rodata.APBPrescTable
                0x000000000800237a        0x8 Src/system_stm32f4xx.o
                0x000000000800237a                APBPrescTable
                0x0000000008002384                . = ALIGN (0x4)
 *fill*         0x0000000008002382        0x2 

.ARM.extab
 *(.ARM.extab* .gnu.linkonce.armextab.*)

.ARM            0x0000000008002384        0x8
                0x0000000008002384                __exidx_start = .
 *(.ARM.exidx*)
 .ARM.exidx     0x0000000008002384        0x8 /opt/Atollic_TrueSTUDIO_for_STM32_x86_64_9.0.0/ARMTools/bin/../lib/gcc/arm-atollic-eabi/6.3.1/armv7e-m/fpu/libgcc.a(_udivmoddi4.o)
                0x000000000800238c                __exidx_end = .

.rel.dyn        0x000000000800238c        0x0
 .rel.iplt      0x000000000800238c        0x0 /opt/Atollic_TrueSTUDIO_for_STM32_x86_64_9.0.0/ARMTools/bin/../lib/gcc/arm-atollic-eabi/6.3.1/armv7e-m/fpu/crtbegin.o

.preinit_array  0x000000000800238c        0x0
                0x000000000800238c                PROVIDE (__preinit_array_start, .)
 *(.preinit_array*)
                0x000000000800238c                PROVIDE (__preinit_array_end, .)

.init_array     0x000000000800238c        0x4
                0x000000000800238c                PROVIDE (__init_array_start, .)
 *(SORT(.init_array.*))
 *(.init_array*)
 .init_array    0x000000000800238c        0x4 /opt/Atollic_TrueSTUDIO_for_STM32_x86_64_9.0.0/ARMTools/bin/../lib/gcc/arm-atollic-eabi/6.3.1/armv7e-m/fpu/crtbegin.o
                0x0000000008002390                PROVIDE (__init_array_end, .)

.fini_array     0x0000000008002390        0x4
                [!provide]                        PROVIDE (__fini_array_start, .)
 *(SORT(.fini_array.*))
 *(.fini_array*)
 .fini_array    0x0000000008002390        0x4 /opt/Atollic_TrueSTUDIO_for_STM32_x86_64_9.0.0/ARMTools/bin/../lib/gcc/arm-atollic-eabi/6.3.1/armv7e-m/fpu/crtbegin.o
                [!provide]                        PROVIDE (__fini_array_end, .)
                0x0000000008002394                _sidata = LOADADDR (.data)

.data           0x0000000020000000        0x8 load address 0x0000000008002394
                0x0000000020000000                . = ALIGN (0x4)
                0x0000000020000000                _sdata = .
 *(.data)
 *(.data*)
 .data.uwTickFreq
                0x0000000020000000        0x1 Drivers/STM32F4xx_HAL_Driver/Src/stm32f4xx_hal.o
                0x0000000020000000                uwTickFreq
 *fill*         0x0000000020000001        0x3 
 .data.SystemCoreClock
                0x0000000020000004        0x4 Src/system_stm32f4xx.o
                0x0000000020000004                SystemCoreClock
                0x0000000020000008                . = ALIGN (0x4)
                0x0000000020000008                _edata = .
                0x000000000800239c                _siccmram = LOADADDR (.ccmram)

.igot.plt       0x0000000020000008        0x0 load address 0x000000000800239c
 .igot.plt      0x0000000020000008        0x0 /opt/Atollic_TrueSTUDIO_for_STM32_x86_64_9.0.0/ARMTools/bin/../lib/gcc/arm-atollic-eabi/6.3.1/armv7e-m/fpu/crtbegin.o

.ccmram         0x0000000010000000        0x0 load address 0x000000000800239c
                0x0000000010000000                . = ALIGN (0x4)
                0x0000000010000000                _sccmram = .
 *(.ccmram)
 *(.ccmram*)
                0x0000000010000000                . = ALIGN (0x4)
                0x0000000010000000                _eccmram = .
                0x0000000010000000                . = ALIGN (0x4)

.bss            0x0000000020000008      0x118
                0x0000000020000008                _sbss = .
                0x0000000020000008                __bss_start__ = _sbss
 *(.bss)
 .bss           0x0000000020000008       0x1c /opt/Atollic_TrueSTUDIO_for_STM32_x86_64_9.0.0/ARMTools/bin/../lib/gcc/arm-atollic-eabi/6.3.1/armv7e-m/fpu/crtbegin.o
 *(.bss*)
 .bss.pxCurrentTCB
                0x0000000020000024        0x4 Middlewares/Third_Party/FreeRTOS/Source/tasks.o
                0x0000000020000024                pxCurrentTCB
 .bss.pxDelayedTaskList
                0x0000000020000028        0x4 Middlewares/Third_Party/FreeRTOS/Source/tasks.o
 .bss.pxOverflowDelayedTaskList
                0x000000002000002c        0x4 Middlewares/Third_Party/FreeRTOS/Source/tasks.o
 .bss.pxReadyTasksLists
                0x0000000020000030       0x8c Middlewares/Third_Party/FreeRTOS/Source/tasks.o
 .bss.uxPendedTicks
                0x00000000200000bc        0x4 Middlewares/Third_Party/FreeRTOS/Source/tasks.o
 .bss.uxSchedulerSuspended
                0x00000000200000c0        0x4 Middlewares/Third_Party/FreeRTOS/Source/tasks.o
 .bss.uxTopReadyPriority
                0x00000000200000c4        0x4 Middlewares/Third_Party/FreeRTOS/Source/tasks.o
 .bss.xNextTaskUnblockTime
                0x00000000200000c8        0x4 Middlewares/Third_Party/FreeRTOS/Source/tasks.o
 .bss.xNumOfOverflows
                0x00000000200000cc        0x4 Middlewares/Third_Party/FreeRTOS/Source/tasks.o
 .bss.xSchedulerRunning
                0x00000000200000d0        0x4 Middlewares/Third_Party/FreeRTOS/Source/tasks.o
 .bss.xTickCount
                0x00000000200000d4        0x4 Middlewares/Third_Party/FreeRTOS/Source/tasks.o
 .bss.xYieldPending
                0x00000000200000d8        0x4 Middlewares/Third_Party/FreeRTOS/Source/tasks.o
 .bss.bank.10105
                0x00000000200000dc        0x1 Src/display.o
 .bss.current_digit.10063
                0x00000000200000dd        0x1 Src/display.o
 .bss.led.10114
                0x00000000200000de        0x1 Src/display.o
 *(COMMON)
 *fill*         0x00000000200000df        0x1 
 COMMON         0x00000000200000e0        0x4 Drivers/STM32F4xx_HAL_Driver/Src/stm32f4xx_hal.o
                0x00000000200000e0                uwTick
 COMMON         0x00000000200000e4       0x3c Src/stm32f4xx_hal_timebase_TIM.o
                0x00000000200000e4                htim3
                0x0000000020000120                . = ALIGN (0x4)
                0x0000000020000120                _ebss = .
                0x0000000020000120                __bss_end__ = _ebss

._user_heap_stack
                0x0000000020000120      0x600
                0x0000000020000120                . = ALIGN (0x4)
                [!provide]                        PROVIDE (end, .)
                [!provide]                        PROVIDE (_end, .)
                0x0000000020000320                . = (. + _Min_Heap_Size)
 *fill*         0x0000000020000120      0x200 
                0x0000000020000720                . = (. + _Min_Stack_Size)
 *fill*         0x0000000020000320      0x400 
                0x0000000020000720                . = ALIGN (0x4)

/DISCARD/
 libc.a(*)
 libm.a(*)
 libgcc.a(*)

.ARM.attributes
                0x0000000000000000       0x30
 *(.ARM.attributes)
 .ARM.attributes
                0x0000000000000000       0x22 /opt/Atollic_TrueSTUDIO_for_STM32_x86_64_9.0.0/ARMTools/bin/../lib/gcc/arm-atollic-eabi/6.3.1/armv7e-m/fpu/crti.o
 .ARM.attributes
                0x0000000000000022       0x34 /opt/Atollic_TrueSTUDIO_for_STM32_x86_64_9.0.0/ARMTools/bin/../lib/gcc/arm-atollic-eabi/6.3.1/armv7e-m/fpu/crtbegin.o
 .ARM.attributes
                0x0000000000000056       0x39 Drivers/STM32F4xx_HAL_Driver/Src/stm32f4xx_hal.o
 .ARM.attributes
                0x000000000000008f       0x39 Drivers/STM32F4xx_HAL_Driver/Src/stm32f4xx_hal_cortex.o
 .ARM.attributes
                0x00000000000000c8       0x39 Drivers/STM32F4xx_HAL_Driver/Src/stm32f4xx_hal_gpio.o
 .ARM.attributes
                0x0000000000000101       0x39 Drivers/STM32F4xx_HAL_Driver/Src/stm32f4xx_hal_rcc.o
 .ARM.attributes
                0x000000000000013a       0x39 Drivers/STM32F4xx_HAL_Driver/Src/stm32f4xx_hal_tim.o
 .ARM.attributes
                0x0000000000000173       0x39 Drivers/STM32F4xx_HAL_Driver/Src/stm32f4xx_hal_tim_ex.o
 .ARM.attributes
                0x00000000000001ac       0x39 Middlewares/Third_Party/FreeRTOS/Source/CMSIS_RTOS/cmsis_os.o
 .ARM.attributes
                0x00000000000001e5       0x39 Middlewares/Third_Party/FreeRTOS/Source/list.o
 .ARM.attributes
                0x000000000000021e       0x39 Middlewares/Third_Party/FreeRTOS/Source/portable/GCC/ARM_CM4F/port.o
 .ARM.attributes
                0x0000000000000257       0x39 Middlewares/Third_Party/FreeRTOS/Source/tasks.o
 .ARM.attributes
                0x0000000000000290       0x39 Src/dds.o
 .ARM.attributes
                0x00000000000002c9       0x39 Src/display.o
 .ARM.attributes
                0x0000000000000302       0x39 Src/gpio.o
 .ARM.attributes
                0x000000000000033b       0x39 Src/main.o
 .ARM.attributes
                0x0000000000000374       0x39 Src/stm32f4xx_hal_msp.o
 .ARM.attributes
                0x00000000000003ad       0x39 Src/stm32f4xx_hal_timebase_TIM.o
 .ARM.attributes
                0x00000000000003e6       0x39 Src/stm32f4xx_it.o
 .ARM.attributes
                0x000000000000041f       0x39 Src/system_stm32f4xx.o
 .ARM.attributes
                0x0000000000000458       0x39 Src/tim.o
 .ARM.attributes
                0x0000000000000491       0x21 startup/startup_stm32f407xx.o
 .ARM.attributes
                0x00000000000004b2       0x34 /opt/Atollic_TrueSTUDIO_for_STM32_x86_64_9.0.0/ARMTools/bin/../lib/gcc/arm-atollic-eabi/6.3.1/../../../../arm-atollic-eabi/lib/armv7e-m/fpu/libc_nano.a(lib_a-init.o)
 .ARM.attributes
                0x00000000000004e6       0x22 /opt/Atollic_TrueSTUDIO_for_STM32_x86_64_9.0.0/ARMTools/bin/../lib/gcc/arm-atollic-eabi/6.3.1/armv7e-m/fpu/libgcc.a(_aeabi_uldivmod.o)
 .ARM.attributes
                0x0000000000000508       0x34 /opt/Atollic_TrueSTUDIO_for_STM32_x86_64_9.0.0/ARMTools/bin/../lib/gcc/arm-atollic-eabi/6.3.1/armv7e-m/fpu/libgcc.a(_udivmoddi4.o)
 .ARM.attributes
                0x000000000000053c       0x22 /opt/Atollic_TrueSTUDIO_for_STM32_x86_64_9.0.0/ARMTools/bin/../lib/gcc/arm-atollic-eabi/6.3.1/armv7e-m/fpu/libgcc.a(_dvmd_tls.o)
 .ARM.attributes
                0x000000000000055e       0x22 /opt/Atollic_TrueSTUDIO_for_STM32_x86_64_9.0.0/ARMTools/bin/../lib/gcc/arm-atollic-eabi/6.3.1/armv7e-m/fpu/crtn.o
OUTPUT(hamfam.elf elf32-littlearm)

.debug_info     0x0000000000000000    0x1c8e3
 .debug_info    0x0000000000000000     0x1216 Drivers/STM32F4xx_HAL_Driver/Src/stm32f4xx_hal.o
 .debug_info    0x0000000000001216     0x19dd Drivers/STM32F4xx_HAL_Driver/Src/stm32f4xx_hal_cortex.o
 .debug_info    0x0000000000002bf3     0x10e7 Drivers/STM32F4xx_HAL_Driver/Src/stm32f4xx_hal_gpio.o
 .debug_info    0x0000000000003cda     0x1503 Drivers/STM32F4xx_HAL_Driver/Src/stm32f4xx_hal_rcc.o
 .debug_info    0x00000000000051dd     0x4b80 Drivers/STM32F4xx_HAL_Driver/Src/stm32f4xx_hal_tim.o
 .debug_info    0x0000000000009d5d     0x20e7 Drivers/STM32F4xx_HAL_Driver/Src/stm32f4xx_hal_tim_ex.o
 .debug_info    0x000000000000be44     0x255a Middlewares/Third_Party/FreeRTOS/Source/CMSIS_RTOS/cmsis_os.o
 .debug_info    0x000000000000e39e      0xb42 Middlewares/Third_Party/FreeRTOS/Source/list.o
 .debug_info    0x000000000000eee0      0xda1 Middlewares/Third_Party/FreeRTOS/Source/portable/GCC/ARM_CM4F/port.o
 .debug_info    0x000000000000fc81     0x2a03 Middlewares/Third_Party/FreeRTOS/Source/tasks.o
 .debug_info    0x0000000000012684      0xbdf Src/dds.o
 .debug_info    0x0000000000013263     0x1616 Src/display.o
 .debug_info    0x0000000000014879      0xeb6 Src/gpio.o
 .debug_info    0x000000000001572f     0x2298 Src/main.o
 .debug_info    0x00000000000179c7      0xc61 Src/stm32f4xx_hal_msp.o
 .debug_info    0x0000000000018628     0x13b5 Src/stm32f4xx_hal_timebase_TIM.o
 .debug_info    0x00000000000199dd      0xeaa Src/stm32f4xx_it.o
 .debug_info    0x000000000001a887      0xd1c Src/system_stm32f4xx.o
 .debug_info    0x000000000001b5a3     0x12be Src/tim.o
 .debug_info    0x000000000001c861       0x82 startup/startup_stm32f407xx.o

.debug_abbrev   0x0000000000000000     0x34d6
 .debug_abbrev  0x0000000000000000      0x308 Drivers/STM32F4xx_HAL_Driver/Src/stm32f4xx_hal.o
 .debug_abbrev  0x0000000000000308      0x3bb Drivers/STM32F4xx_HAL_Driver/Src/stm32f4xx_hal_cortex.o
 .debug_abbrev  0x00000000000006c3      0x2ae Drivers/STM32F4xx_HAL_Driver/Src/stm32f4xx_hal_gpio.o
 .debug_abbrev  0x0000000000000971      0x364 Drivers/STM32F4xx_HAL_Driver/Src/stm32f4xx_hal_rcc.o
 .debug_abbrev  0x0000000000000cd5      0x390 Drivers/STM32F4xx_HAL_Driver/Src/stm32f4xx_hal_tim.o
 .debug_abbrev  0x0000000000001065      0x2de Drivers/STM32F4xx_HAL_Driver/Src/stm32f4xx_hal_tim_ex.o
 .debug_abbrev  0x0000000000001343      0x457 Middlewares/Third_Party/FreeRTOS/Source/CMSIS_RTOS/cmsis_os.o
 .debug_abbrev  0x000000000000179a      0x1ea Middlewares/Third_Party/FreeRTOS/Source/list.o
 .debug_abbrev  0x0000000000001984      0x2fb Middlewares/Third_Party/FreeRTOS/Source/portable/GCC/ARM_CM4F/port.o
 .debug_abbrev  0x0000000000001c7f      0x419 Middlewares/Third_Party/FreeRTOS/Source/tasks.o
 .debug_abbrev  0x0000000000002098      0x22e Src/dds.o
 .debug_abbrev  0x00000000000022c6      0x2d3 Src/display.o
 .debug_abbrev  0x0000000000002599      0x1f7 Src/gpio.o
 .debug_abbrev  0x0000000000002790      0x2f7 Src/main.o
 .debug_abbrev  0x0000000000002a87      0x1d3 Src/stm32f4xx_hal_msp.o
 .debug_abbrev  0x0000000000002c5a      0x258 Src/stm32f4xx_hal_timebase_TIM.o
 .debug_abbrev  0x0000000000002eb2      0x215 Src/stm32f4xx_it.o
 .debug_abbrev  0x00000000000030c7      0x1ca Src/system_stm32f4xx.o
 .debug_abbrev  0x0000000000003291      0x233 Src/tim.o
 .debug_abbrev  0x00000000000034c4       0x12 startup/startup_stm32f407xx.o

.debug_loc      0x0000000000000000     0x778f
 .debug_loc     0x0000000000000000       0xf3 Drivers/STM32F4xx_HAL_Driver/Src/stm32f4xx_hal.o
 .debug_loc     0x00000000000000f3      0x560 Drivers/STM32F4xx_HAL_Driver/Src/stm32f4xx_hal_cortex.o
 .debug_loc     0x0000000000000653      0x4c1 Drivers/STM32F4xx_HAL_Driver/Src/stm32f4xx_hal_gpio.o
 .debug_loc     0x0000000000000b14      0x284 Drivers/STM32F4xx_HAL_Driver/Src/stm32f4xx_hal_rcc.o
 .debug_loc     0x0000000000000d98     0x3370 Drivers/STM32F4xx_HAL_Driver/Src/stm32f4xx_hal_tim.o
 .debug_loc     0x0000000000004108      0xbfe Drivers/STM32F4xx_HAL_Driver/Src/stm32f4xx_hal_tim_ex.o
 .debug_loc     0x0000000000004d06     0x1038 Middlewares/Third_Party/FreeRTOS/Source/CMSIS_RTOS/cmsis_os.o
 .debug_loc     0x0000000000005d3e       0x94 Middlewares/Third_Party/FreeRTOS/Source/list.o
 .debug_loc     0x0000000000005dd2       0xcf Middlewares/Third_Party/FreeRTOS/Source/portable/GCC/ARM_CM4F/port.o
 .debug_loc     0x0000000000005ea1     0x1249 Middlewares/Third_Party/FreeRTOS/Source/tasks.o
 .debug_loc     0x00000000000070ea      0x113 Src/dds.o
 .debug_loc     0x00000000000071fd      0x281 Src/display.o
 .debug_loc     0x000000000000747e      0x150 Src/main.o
 .debug_loc     0x00000000000075ce       0xa5 Src/stm32f4xx_hal_timebase_TIM.o
 .debug_loc     0x0000000000007673      0x11c Src/system_stm32f4xx.o

.debug_aranges  0x0000000000000000      0xbc0
 .debug_aranges
                0x0000000000000000       0xd8 Drivers/STM32F4xx_HAL_Driver/Src/stm32f4xx_hal.o
 .debug_aranges
                0x00000000000000d8       0xa8 Drivers/STM32F4xx_HAL_Driver/Src/stm32f4xx_hal_cortex.o
 .debug_aranges
                0x0000000000000180       0x58 Drivers/STM32F4xx_HAL_Driver/Src/stm32f4xx_hal_gpio.o
 .debug_aranges
                0x00000000000001d8       0x88 Drivers/STM32F4xx_HAL_Driver/Src/stm32f4xx_hal_rcc.o
 .debug_aranges
                0x0000000000000260      0x280 Drivers/STM32F4xx_HAL_Driver/Src/stm32f4xx_hal_tim.o
 .debug_aranges
                0x00000000000004e0      0x128 Drivers/STM32F4xx_HAL_Driver/Src/stm32f4xx_hal_tim_ex.o
 .debug_aranges
                0x0000000000000608      0x190 Middlewares/Third_Party/FreeRTOS/Source/CMSIS_RTOS/cmsis_os.o
 .debug_aranges
                0x0000000000000798       0x40 Middlewares/Third_Party/FreeRTOS/Source/list.o
 .debug_aranges
                0x00000000000007d8       0x80 Middlewares/Third_Party/FreeRTOS/Source/portable/GCC/ARM_CM4F/port.o
 .debug_aranges
                0x0000000000000858      0x170 Middlewares/Third_Party/FreeRTOS/Source/tasks.o
 .debug_aranges
                0x00000000000009c8       0x28 Src/dds.o
 .debug_aranges
                0x00000000000009f0       0x48 Src/display.o
 .debug_aranges
                0x0000000000000a38       0x20 Src/gpio.o
 .debug_aranges
                0x0000000000000a58       0x40 Src/main.o
 .debug_aranges
                0x0000000000000a98       0x20 Src/stm32f4xx_hal_msp.o
 .debug_aranges
                0x0000000000000ab8       0x30 Src/stm32f4xx_hal_timebase_TIM.o
 .debug_aranges
                0x0000000000000ae8       0x50 Src/stm32f4xx_it.o
 .debug_aranges
                0x0000000000000b38       0x28 Src/system_stm32f4xx.o
 .debug_aranges
                0x0000000000000b60       0x38 Src/tim.o
 .debug_aranges
                0x0000000000000b98       0x28 startup/startup_stm32f407xx.o

.debug_ranges   0x0000000000000000      0xe28
 .debug_ranges  0x0000000000000000       0xc8 Drivers/STM32F4xx_HAL_Driver/Src/stm32f4xx_hal.o
 .debug_ranges  0x00000000000000c8       0xe0 Drivers/STM32F4xx_HAL_Driver/Src/stm32f4xx_hal_cortex.o
 .debug_ranges  0x00000000000001a8       0x60 Drivers/STM32F4xx_HAL_Driver/Src/stm32f4xx_hal_gpio.o
 .debug_ranges  0x0000000000000208       0xb8 Drivers/STM32F4xx_HAL_Driver/Src/stm32f4xx_hal_rcc.o
 .debug_ranges  0x00000000000002c0      0x398 Drivers/STM32F4xx_HAL_Driver/Src/stm32f4xx_hal_tim.o
 .debug_ranges  0x0000000000000658      0x118 Drivers/STM32F4xx_HAL_Driver/Src/stm32f4xx_hal_tim_ex.o
 .debug_ranges  0x0000000000000770      0x180 Middlewares/Third_Party/FreeRTOS/Source/CMSIS_RTOS/cmsis_os.o
 .debug_ranges  0x00000000000008f0       0x30 Middlewares/Third_Party/FreeRTOS/Source/list.o
 .debug_ranges  0x0000000000000920       0x88 Middlewares/Third_Party/FreeRTOS/Source/portable/GCC/ARM_CM4F/port.o
 .debug_ranges  0x00000000000009a8      0x270 Middlewares/Third_Party/FreeRTOS/Source/tasks.o
 .debug_ranges  0x0000000000000c18       0x48 Src/dds.o
 .debug_ranges  0x0000000000000c60       0x68 Src/display.o
 .debug_ranges  0x0000000000000cc8       0x40 Src/gpio.o
 .debug_ranges  0x0000000000000d08       0x30 Src/main.o
 .debug_ranges  0x0000000000000d38       0x10 Src/stm32f4xx_hal_msp.o
 .debug_ranges  0x0000000000000d48       0x40 Src/stm32f4xx_hal_timebase_TIM.o
 .debug_ranges  0x0000000000000d88       0x40 Src/stm32f4xx_it.o
 .debug_ranges  0x0000000000000dc8       0x18 Src/system_stm32f4xx.o
 .debug_ranges  0x0000000000000de0       0x28 Src/tim.o
 .debug_ranges  0x0000000000000e08       0x20 startup/startup_stm32f407xx.o

.debug_line     0x0000000000000000     0x8758
 .debug_line    0x0000000000000000      0x4a5 Drivers/STM32F4xx_HAL_Driver/Src/stm32f4xx_hal.o
 .debug_line    0x00000000000004a5      0x57f Drivers/STM32F4xx_HAL_Driver/Src/stm32f4xx_hal_cortex.o
 .debug_line    0x0000000000000a24      0x564 Drivers/STM32F4xx_HAL_Driver/Src/stm32f4xx_hal_gpio.o
 .debug_line    0x0000000000000f88      0x672 Drivers/STM32F4xx_HAL_Driver/Src/stm32f4xx_hal_rcc.o
 .debug_line    0x00000000000015fa     0x2c14 Drivers/STM32F4xx_HAL_Driver/Src/stm32f4xx_hal_tim.o
 .debug_line    0x000000000000420e      0xc4a Drivers/STM32F4xx_HAL_Driver/Src/stm32f4xx_hal_tim_ex.o
 .debug_line    0x0000000000004e58      0x8e9 Middlewares/Third_Party/FreeRTOS/Source/CMSIS_RTOS/cmsis_os.o
 .debug_line    0x0000000000005741      0x38b Middlewares/Third_Party/FreeRTOS/Source/list.o
 .debug_line    0x0000000000005acc      0x40e Middlewares/Third_Party/FreeRTOS/Source/portable/GCC/ARM_CM4F/port.o
 .debug_line    0x0000000000005eda      0xbaa Middlewares/Third_Party/FreeRTOS/Source/tasks.o
 .debug_line    0x0000000000006a84      0x2a2 Src/dds.o
 .debug_line    0x0000000000006d26      0x420 Src/display.o
 .debug_line    0x0000000000007146      0x2c2 Src/gpio.o
 .debug_line    0x0000000000007408      0x4cf Src/main.o
 .debug_line    0x00000000000078d7      0x268 Src/stm32f4xx_hal_msp.o
 .debug_line    0x0000000000007b3f      0x307 Src/stm32f4xx_hal_timebase_TIM.o
 .debug_line    0x0000000000007e46      0x32b Src/stm32f4xx_it.o
 .debug_line    0x0000000000008171      0x254 Src/system_stm32f4xx.o
 .debug_line    0x00000000000083c5      0x314 Src/tim.o
 .debug_line    0x00000000000086d9       0x7f startup/startup_stm32f407xx.o

.debug_str      0x0000000000000000     0x4fde
 .debug_str     0x0000000000000000      0xf2c Drivers/STM32F4xx_HAL_Driver/Src/stm32f4xx_hal.o
                                        0xfd2 (size before relaxing)
 .debug_str     0x0000000000000f2c      0x3c5 Drivers/STM32F4xx_HAL_Driver/Src/stm32f4xx_hal_cortex.o
                                       0x10bd (size before relaxing)
 .debug_str     0x00000000000012f1      0x1cd Drivers/STM32F4xx_HAL_Driver/Src/stm32f4xx_hal_gpio.o
                                        0x97f (size before relaxing)
 .debug_str     0x00000000000014be      0x2e9 Drivers/STM32F4xx_HAL_Driver/Src/stm32f4xx_hal_rcc.o
                                        0xb52 (size before relaxing)
 .debug_str     0x00000000000017a7     0x1134 Drivers/STM32F4xx_HAL_Driver/Src/stm32f4xx_hal_tim.o
                                       0x1844 (size before relaxing)
 .debug_str     0x00000000000028db      0x50d Drivers/STM32F4xx_HAL_Driver/Src/stm32f4xx_hal_tim_ex.o
                                       0x1104 (size before relaxing)
 .debug_str     0x0000000000002de8      0xb40 Middlewares/Third_Party/FreeRTOS/Source/CMSIS_RTOS/cmsis_os.o
                                       0x1239 (size before relaxing)
 .debug_str     0x0000000000003928      0x159 Middlewares/Third_Party/FreeRTOS/Source/list.o
                                        0x7aa (size before relaxing)
 .debug_str     0x0000000000003a81      0x21e Middlewares/Third_Party/FreeRTOS/Source/portable/GCC/ARM_CM4F/port.o
                                        0x8e3 (size before relaxing)
 .debug_str     0x0000000000003c9f      0x82b Middlewares/Third_Party/FreeRTOS/Source/tasks.o
                                       0x1293 (size before relaxing)
 .debug_str     0x00000000000044ca       0x2b Src/dds.o
                                        0x6da (size before relaxing)
 .debug_str     0x00000000000044f5       0xe4 Src/display.o
                                        0x7b6 (size before relaxing)
 .debug_str     0x00000000000045d9       0x1b Src/gpio.o
                                        0x80a (size before relaxing)
 .debug_str     0x00000000000045f4      0x858 Src/main.o
                                       0x1c11 (size before relaxing)
 .debug_str     0x0000000000004e4c       0x1b Src/stm32f4xx_hal_msp.o
                                        0xb76 (size before relaxing)
 .debug_str     0x0000000000004e67       0x61 Src/stm32f4xx_hal_timebase_TIM.o
                                       0x11db (size before relaxing)
 .debug_str     0x0000000000004ec8       0x9b Src/stm32f4xx_it.o
                                        0xb01 (size before relaxing)
 .debug_str     0x0000000000004f63       0x45 Src/system_stm32f4xx.o
                                        0x7d5 (size before relaxing)
 .debug_str     0x0000000000004fa8       0x36 Src/tim.o
                                        0xcf1 (size before relaxing)

.comment        0x0000000000000000       0x7c
 .comment       0x0000000000000000       0x7c Drivers/STM32F4xx_HAL_Driver/Src/stm32f4xx_hal.o
                                         0x7d (size before relaxing)
 .comment       0x000000000000007c       0x7d Drivers/STM32F4xx_HAL_Driver/Src/stm32f4xx_hal_cortex.o
 .comment       0x000000000000007c       0x7d Drivers/STM32F4xx_HAL_Driver/Src/stm32f4xx_hal_gpio.o
 .comment       0x000000000000007c       0x7d Drivers/STM32F4xx_HAL_Driver/Src/stm32f4xx_hal_rcc.o
 .comment       0x000000000000007c       0x7d Drivers/STM32F4xx_HAL_Driver/Src/stm32f4xx_hal_tim.o
 .comment       0x000000000000007c       0x7d Drivers/STM32F4xx_HAL_Driver/Src/stm32f4xx_hal_tim_ex.o
 .comment       0x000000000000007c       0x7d Middlewares/Third_Party/FreeRTOS/Source/CMSIS_RTOS/cmsis_os.o
 .comment       0x000000000000007c       0x7d Middlewares/Third_Party/FreeRTOS/Source/list.o
 .comment       0x000000000000007c       0x7d Middlewares/Third_Party/FreeRTOS/Source/portable/GCC/ARM_CM4F/port.o
 .comment       0x000000000000007c       0x7d Middlewares/Third_Party/FreeRTOS/Source/tasks.o
 .comment       0x000000000000007c       0x7d Src/dds.o
 .comment       0x000000000000007c       0x7d Src/display.o
 .comment       0x000000000000007c       0x7d Src/gpio.o
 .comment       0x000000000000007c       0x7d Src/main.o
 .comment       0x000000000000007c       0x7d Src/stm32f4xx_hal_msp.o
 .comment       0x000000000000007c       0x7d Src/stm32f4xx_hal_timebase_TIM.o
 .comment       0x000000000000007c       0x7d Src/stm32f4xx_it.o
 .comment       0x000000000000007c       0x7d Src/system_stm32f4xx.o
 .comment       0x000000000000007c       0x7d Src/tim.o

.debug_frame    0x0000000000000000     0x2234
 .debug_frame   0x0000000000000000      0x1d0 Drivers/STM32F4xx_HAL_Driver/Src/stm32f4xx_hal.o
 .debug_frame   0x00000000000001d0      0x1a0 Drivers/STM32F4xx_HAL_Driver/Src/stm32f4xx_hal_cortex.o
 .debug_frame   0x0000000000000370      0x100 Drivers/STM32F4xx_HAL_Driver/Src/stm32f4xx_hal_gpio.o
 .debug_frame   0x0000000000000470      0x144 Drivers/STM32F4xx_HAL_Driver/Src/stm32f4xx_hal_rcc.o
 .debug_frame   0x00000000000005b4      0x9a8 Drivers/STM32F4xx_HAL_Driver/Src/stm32f4xx_hal_tim.o
 .debug_frame   0x0000000000000f5c      0x3ec Drivers/STM32F4xx_HAL_Driver/Src/stm32f4xx_hal_tim_ex.o
 .debug_frame   0x0000000000001348      0x4d4 Middlewares/Third_Party/FreeRTOS/Source/CMSIS_RTOS/cmsis_os.o
 .debug_frame   0x000000000000181c       0x6c Middlewares/Third_Party/FreeRTOS/Source/list.o
 .debug_frame   0x0000000000001888       0xf0 Middlewares/Third_Party/FreeRTOS/Source/portable/GCC/ARM_CM4F/port.o
 .debug_frame   0x0000000000001978      0x4ac Middlewares/Third_Party/FreeRTOS/Source/tasks.o
 .debug_frame   0x0000000000001e24       0x54 Src/dds.o
 .debug_frame   0x0000000000001e78       0xa4 Src/display.o
 .debug_frame   0x0000000000001f1c       0x3c Src/gpio.o
 .debug_frame   0x0000000000001f58       0x8c Src/main.o
 .debug_frame   0x0000000000001fe4       0x2c Src/stm32f4xx_hal_msp.o
 .debug_frame   0x0000000000002010       0x54 Src/stm32f4xx_hal_timebase_TIM.o
 .debug_frame   0x0000000000002064       0x90 Src/stm32f4xx_it.o
 .debug_frame   0x00000000000020f4       0x38 Src/system_stm32f4xx.o
 .debug_frame   0x000000000000212c       0x7c Src/tim.o
 .debug_frame   0x00000000000021a8       0x2c /opt/Atollic_TrueSTUDIO_for_STM32_x86_64_9.0.0/ARMTools/bin/../lib/gcc/arm-atollic-eabi/6.3.1/../../../../arm-atollic-eabi/lib/armv7e-m/fpu/libc_nano.a(lib_a-init.o)
 .debug_frame   0x00000000000021d4       0x2c /opt/Atollic_TrueSTUDIO_for_STM32_x86_64_9.0.0/ARMTools/bin/../lib/gcc/arm-atollic-eabi/6.3.1/armv7e-m/fpu/libgcc.a(_aeabi_uldivmod.o)
 .debug_frame   0x0000000000002200       0x34 /opt/Atollic_TrueSTUDIO_for_STM32_x86_64_9.0.0/ARMTools/bin/../lib/gcc/arm-atollic-eabi/6.3.1/armv7e-m/fpu/libgcc.a(_udivmoddi4.o)
