Archive member included to satisfy reference by file (symbol)

/opt/Atollic_TrueSTUDIO_for_STM32_x86_64_9.0.0/ARMTools/bin/../lib/gcc/arm-atollic-eabi/6.3.1/../../../../arm-atollic-eabi/lib/armv7e-m/fpu/libc_nano.a(lib_a-init.o)
                              startup/startup_stm32f407xx.o (__libc_init_array)
/opt/Atollic_TrueSTUDIO_for_STM32_x86_64_9.0.0/ARMTools/bin/../lib/gcc/arm-atollic-eabi/6.3.1/../../../../arm-atollic-eabi/lib/armv7e-m/fpu/libc_nano.a(lib_a-memcpy-stub.o)
                              Middlewares/Third_Party/FreeRTOS/Source/queue.o (memcpy)
/opt/Atollic_TrueSTUDIO_for_STM32_x86_64_9.0.0/ARMTools/bin/../lib/gcc/arm-atollic-eabi/6.3.1/armv7e-m/fpu/libgcc.a(_aeabi_uldivmod.o)
                              Drivers/STM32F4xx_HAL_Driver/Src/stm32f4xx_hal_rcc.o (__aeabi_uldivmod)
/opt/Atollic_TrueSTUDIO_for_STM32_x86_64_9.0.0/ARMTools/bin/../lib/gcc/arm-atollic-eabi/6.3.1/armv7e-m/fpu/libgcc.a(_udivmoddi4.o)
                              /opt/Atollic_TrueSTUDIO_for_STM32_x86_64_9.0.0/ARMTools/bin/../lib/gcc/arm-atollic-eabi/6.3.1/armv7e-m/fpu/libgcc.a(_aeabi_uldivmod.o) (__udivmoddi4)
/opt/Atollic_TrueSTUDIO_for_STM32_x86_64_9.0.0/ARMTools/bin/../lib/gcc/arm-atollic-eabi/6.3.1/armv7e-m/fpu/libgcc.a(_dvmd_tls.o)
                              /opt/Atollic_TrueSTUDIO_for_STM32_x86_64_9.0.0/ARMTools/bin/../lib/gcc/arm-atollic-eabi/6.3.1/armv7e-m/fpu/libgcc.a(_aeabi_uldivmod.o) (__aeabi_ldiv0)

Allocating common symbols
Common symbol       size              file

defaultTaskHandle   0x4               Src/freertos.o
hadc2               0x48              Src/adc.o
hi2c1               0x54              Src/i2c.o
hi2c2               0x54              Src/i2c.o
displayTaskHandle   0x4               Src/freertos.o
uwTick              0x4               Drivers/STM32F4xx_HAL_Driver/Src/stm32f4xx_hal.o
xQueueRegistry      0x40              Middlewares/Third_Party/FreeRTOS/Source/queue.o
pFlash              0x20              Drivers/STM32F4xx_HAL_Driver/Src/stm32f4xx_hal_flash.o
htim5               0x3c              Src/tim.o
htim3               0x3c              Src/stm32f4xx_hal_timebase_TIM.o
hadc1               0x48              Src/adc.o
xButtonQueue        0x4               Src/globals.o
hadc3               0x48              Src/adc.o
huart1              0x40              Src/usart.o
xDisplayQueue       0x4               Src/globals.o
hspi1               0x58              Src/spi.o
buttonTaskHandle    0x4               Src/freertos.o
htim2               0x3c              Src/tim.o
hi2s2               0x48              Src/i2s.o
hi2s3               0x48              Src/i2s.o

Discarded input sections

 .text          0x0000000000000000        0x0 /opt/Atollic_TrueSTUDIO_for_STM32_x86_64_9.0.0/ARMTools/bin/../lib/gcc/arm-atollic-eabi/6.3.1/armv7e-m/fpu/crti.o
 .data          0x0000000000000000        0x0 /opt/Atollic_TrueSTUDIO_for_STM32_x86_64_9.0.0/ARMTools/bin/../lib/gcc/arm-atollic-eabi/6.3.1/armv7e-m/fpu/crti.o
 .bss           0x0000000000000000        0x0 /opt/Atollic_TrueSTUDIO_for_STM32_x86_64_9.0.0/ARMTools/bin/../lib/gcc/arm-atollic-eabi/6.3.1/armv7e-m/fpu/crti.o
 .data          0x0000000000000000        0x4 /opt/Atollic_TrueSTUDIO_for_STM32_x86_64_9.0.0/ARMTools/bin/../lib/gcc/arm-atollic-eabi/6.3.1/armv7e-m/fpu/crtbegin.o
 .text          0x0000000000000000        0x0 Drivers/STM32F4xx_HAL_Driver/Src/stm32f4xx_hal.o
 .data          0x0000000000000000        0x0 Drivers/STM32F4xx_HAL_Driver/Src/stm32f4xx_hal.o
 .bss           0x0000000000000000        0x0 Drivers/STM32F4xx_HAL_Driver/Src/stm32f4xx_hal.o
 .text.HAL_MspInit
                0x0000000000000000        0x2 Drivers/STM32F4xx_HAL_Driver/Src/stm32f4xx_hal.o
 .text.HAL_MspDeInit
                0x0000000000000000        0x2 Drivers/STM32F4xx_HAL_Driver/Src/stm32f4xx_hal.o
 .text.HAL_DeInit
                0x0000000000000000       0x2c Drivers/STM32F4xx_HAL_Driver/Src/stm32f4xx_hal.o
 .text.HAL_InitTick
                0x0000000000000000       0x48 Drivers/STM32F4xx_HAL_Driver/Src/stm32f4xx_hal.o
 .text.HAL_GetTickPrio
                0x0000000000000000        0xc Drivers/STM32F4xx_HAL_Driver/Src/stm32f4xx_hal.o
 .text.HAL_SetTickFreq
                0x0000000000000000       0x40 Drivers/STM32F4xx_HAL_Driver/Src/stm32f4xx_hal.o
 .text.HAL_GetTickFreq
                0x0000000000000000        0xc Drivers/STM32F4xx_HAL_Driver/Src/stm32f4xx_hal.o
 .text.HAL_Delay
                0x0000000000000000       0x28 Drivers/STM32F4xx_HAL_Driver/Src/stm32f4xx_hal.o
 .text.HAL_SuspendTick
                0x0000000000000000       0x10 Drivers/STM32F4xx_HAL_Driver/Src/stm32f4xx_hal.o
 .text.HAL_ResumeTick
                0x0000000000000000       0x10 Drivers/STM32F4xx_HAL_Driver/Src/stm32f4xx_hal.o
 .text.HAL_GetHalVersion
                0x0000000000000000        0x8 Drivers/STM32F4xx_HAL_Driver/Src/stm32f4xx_hal.o
 .text.HAL_GetREVID
                0x0000000000000000        0xc Drivers/STM32F4xx_HAL_Driver/Src/stm32f4xx_hal.o
 .text.HAL_GetDEVID
[...]
Memory Configuration

Name             Origin             Length             Attributes
RAM              0x0000000020000000 0x0000000000020000 xrw
CCMRAM           0x0000000010000000 0x0000000000010000 rw
FLASH            0x0000000008000000 0x0000000000100000 xr
*default*        0x0000000000000000 0xffffffffffffffff

Linker script and memory map

LOAD /opt/Atollic_TrueSTUDIO_for_STM32_x86_64_9.0.0/ARMTools/bin/../lib/gcc/arm-atollic-eabi/6.3.1/armv7e-m/fpu/crti.o
LOAD /opt/Atollic_TrueSTUDIO_for_STM32_x86_64_9.0.0/ARMTools/bin/../lib/gcc/arm-atollic-eabi/6.3.1/armv7e-m/fpu/crtbegin.o
LOAD Drivers/STM32F4xx_HAL_Driver/Src/stm32f4xx_hal.o
LOAD Drivers/STM32F4xx_HAL_Driver/Src/stm32f4xx_hal_adc.o
LOAD Drivers/STM32F4xx_HAL_Driver/Src/stm32f4xx_hal_adc_ex.o
LOAD Drivers/STM32F4xx_HAL_Driver/Src/stm32f4xx_hal_cortex.o
LOAD Drivers/STM32F4xx_HAL_Driver/Src/stm32f4xx_hal_dma.o
LOAD Drivers/STM32F4xx_HAL_Driver/Src/stm32f4xx_hal_dma_ex.o
LOAD Drivers/STM32F4xx_HAL_Driver/Src/stm32f4xx_hal_flash.o
LOAD Drivers/STM32F4xx_HAL_Driver/Src/stm32f4xx_hal_flash_ex.o
LOAD Drivers/STM32F4xx_HAL_Driver/Src/stm32f4xx_hal_flash_ramfunc.o
LOAD Drivers/STM32F4xx_HAL_Driver/Src/stm32f4xx_hal_gpio.o
LOAD Drivers/STM32F4xx_HAL_Driver/Src/stm32f4xx_hal_i2c.o
LOAD Drivers/STM32F4xx_HAL_Driver/Src/stm32f4xx_hal_i2c_ex.o
LOAD Drivers/STM32F4xx_HAL_Driver/Src/stm32f4xx_hal_i2s.o
LOAD Drivers/STM32F4xx_HAL_Driver/Src/stm32f4xx_hal_i2s_ex.o
LOAD Drivers/STM32F4xx_HAL_Driver/Src/stm32f4xx_hal_pwr.o
LOAD Drivers/STM32F4xx_HAL_Driver/Src/stm32f4xx_hal_pwr_ex.o
LOAD Drivers/STM32F4xx_HAL_Driver/Src/stm32f4xx_hal_rcc.o
LOAD Drivers/STM32F4xx_HAL_Driver/Src/stm32f4xx_hal_rcc_ex.o
LOAD Drivers/STM32F4xx_HAL_Driver/Src/stm32f4xx_hal_spi.o
LOAD Drivers/STM32F4xx_HAL_Driver/Src/stm32f4xx_hal_tim.o
LOAD Drivers/STM32F4xx_HAL_Driver/Src/stm32f4xx_hal_tim_ex.o
LOAD Drivers/STM32F4xx_HAL_Driver/Src/stm32f4xx_hal_uart.o
LOAD Middlewares/Third_Party/FreeRTOS/Source/CMSIS_RTOS/cmsis_os.o
LOAD Middlewares/Third_Party/FreeRTOS/Source/croutine.o
LOAD Middlewares/Third_Party/FreeRTOS/Source/event_groups.o
LOAD Middlewares/Third_Party/FreeRTOS/Source/list.o
LOAD Middlewares/Third_Party/FreeRTOS/Source/portable/GCC/ARM_CM4F/port.o
LOAD Middlewares/Third_Party/FreeRTOS/Source/portable/MemMang/heap_4.o
LOAD Middlewares/Third_Party/FreeRTOS/Source/queue.o
LOAD Middlewares/Third_Party/FreeRTOS/Source/tasks.o
LOAD Middlewares/Third_Party/FreeRTOS/Source/timers.o
LOAD Src/adc.o
LOAD Src/buttons.o
LOAD Src/dds.o
LOAD Src/display.o
LOAD Src/freertos.o
LOAD Src/globals.o
LOAD Src/gpio.o
LOAD Src/i2c.o
LOAD Src/i2s.o
LOAD Src/main.o
LOAD Src/spi.o
LOAD Src/stm32f4xx_hal_msp.o
LOAD Src/stm32f4xx_hal_timebase_TIM.o
LOAD Src/stm32f4xx_it.o
LOAD Src/system_stm32f4xx.o
LOAD Src/tim.o
LOAD Src/usart.o
LOAD startup/startup_stm32f407xx.o
                0x0000000000000080                malloc_getpagesize_P = 0x80
START GROUP
LOAD /opt/Atollic_TrueSTUDIO_for_STM32_x86_64_9.0.0/ARMTools/bin/../lib/gcc/arm-atollic-eabi/6.3.1/../../../../arm-atollic-eabi/lib/armv7e-m/fpu/libc_nano.a
LOAD /opt/Atollic_TrueSTUDIO_for_STM32_x86_64_9.0.0/ARMTools/bin/../lib/gcc/arm-atollic-eabi/6.3.1/../../../../arm-atollic-eabi/lib/armv7e-m/fpu/libm.a
END GROUP
START GROUP
LOAD /opt/Atollic_TrueSTUDIO_for_STM32_x86_64_9.0.0/ARMTools/bin/../lib/gcc/arm-atollic-eabi/6.3.1/armv7e-m/fpu/libgcc.a
LOAD /opt/Atollic_TrueSTUDIO_for_STM32_x86_64_9.0.0/ARMTools/bin/../lib/gcc/arm-atollic-eabi/6.3.1/../../../../arm-atollic-eabi/lib/armv7e-m/fpu/libc_nano.a
END GROUP
START GROUP
LOAD /opt/Atollic_TrueSTUDIO_for_STM32_x86_64_9.0.0/ARMTools/bin/../lib/gcc/arm-atollic-eabi/6.3.1/armv7e-m/fpu/libgcc.a
LOAD /opt/Atollic_TrueSTUDIO_for_STM32_x86_64_9.0.0/ARMTools/bin/../lib/gcc/arm-atollic-eabi/6.3.1/../../../../arm-atollic-eabi/lib/armv7e-m/fpu/libc_nano.a
LOAD /opt/Atollic_TrueSTUDIO_for_STM32_x86_64_9.0.0/ARMTools/bin/../lib/gcc/arm-atollic-eabi/6.3.1/../../../../arm-atollic-eabi/lib/armv7e-m/fpu/libnosys.a
END GROUP
START GROUP
LOAD /opt/Atollic_TrueSTUDIO_for_STM32_x86_64_9.0.0/ARMTools/bin/../lib/gcc/arm-atollic-eabi/6.3.1/armv7e-m/fpu/libgcc.a
LOAD /opt/Atollic_TrueSTUDIO_for_STM32_x86_64_9.0.0/ARMTools/bin/../lib/gcc/arm-atollic-eabi/6.3.1/../../../../arm-atollic-eabi/lib/armv7e-m/fpu/libc_nano.a
LOAD /opt/Atollic_TrueSTUDIO_for_STM32_x86_64_9.0.0/ARMTools/bin/../lib/gcc/arm-atollic-eabi/6.3.1/../../../../arm-atollic-eabi/lib/armv7e-m/fpu/libnosys.a
END GROUP
LOAD /opt/Atollic_TrueSTUDIO_for_STM32_x86_64_9.0.0/ARMTools/bin/../lib/gcc/arm-atollic-eabi/6.3.1/armv7e-m/fpu/crtend.o
LOAD /opt/Atollic_TrueSTUDIO_for_STM32_x86_64_9.0.0/ARMTools/bin/../lib/gcc/arm-atollic-eabi/6.3.1/armv7e-m/fpu/crtn.o
                0x0000000020020000                _estack = 0x20020000
                0x0000000000000200                _Min_Heap_Size = 0x200
                0x0000000000000400                _Min_Stack_Size = 0x400

.isr_vector     0x0000000008000000      0x188
                0x0000000008000000                . = ALIGN (0x4)
 *(.isr_vector)
 .isr_vector    0x0000000008000000      0x188 startup/startup_stm32f407xx.o
                0x0000000008000000                g_pfnVectors
                0x0000000008000188                . = ALIGN (0x4)

.text           0x0000000008000190     0x4f14
                0x0000000008000190                . = ALIGN (0x4)
 *(.text)
 .text          0x0000000008000190       0x40 /opt/Atollic_TrueSTUDIO_for_STM32_x86_64_9.0.0/ARMTools/bin/../lib/gcc/arm-atollic-eabi/6.3.1/armv7e-m/fpu/crtbegin.o
 .text          0x00000000080001d0       0x30 /opt/Atollic_TrueSTUDIO_for_STM32_x86_64_9.0.0/ARMTools/bin/../lib/gcc/arm-atollic-eabi/6.3.1/armv7e-m/fpu/libgcc.a(_aeabi_uldivmod.o)
                0x00000000080001d0                __aeabi_uldivmod
 .text          0x0000000008000200      0x2dc /opt/Atollic_TrueSTUDIO_for_STM32_x86_64_9.0.0/ARMTools/bin/../lib/gcc/arm-atollic-eabi/6.3.1/armv7e-m/fpu/libgcc.a(_udivmoddi4.o)
                0x0000000008000200                __udivmoddi4
 .text          0x00000000080004dc        0x4 /opt/Atollic_TrueSTUDIO_for_STM32_x86_64_9.0.0/ARMTools/bin/../lib/gcc/arm-atollic-eabi/6.3.1/armv7e-m/fpu/libgcc.a(_dvmd_tls.o)
                0x00000000080004dc                __aeabi_ldiv0
                0x00000000080004dc                __aeabi_idiv0
 *(.text*)
 .text.HAL_Init
                0x00000000080004e0       0x34 Drivers/STM32F4xx_HAL_Driver/Src/stm32f4xx_hal.o
                0x00000000080004e0                HAL_Init
 .text.HAL_IncTick
                0x0000000008000514       0x18 Drivers/STM32F4xx_HAL_Driver/Src/stm32f4xx_hal.o
                0x0000000008000514                HAL_IncTick
 .text.HAL_GetTick
                0x000000000800052c        0xc Drivers/STM32F4xx_HAL_Driver/Src/stm32f4xx_hal.o
                0x000000000800052c                HAL_GetTick
 .text.HAL_ADC_Init
                0x0000000008000538      0x274 Drivers/STM32F4xx_HAL_Driver/Src/stm32f4xx_hal_adc.o
                0x0000000008000538                HAL_ADC_Init
 .text.HAL_ADC_ConfigChannel
                0x00000000080007ac      0x164 Drivers/STM32F4xx_HAL_Driver/Src/stm32f4xx_hal_adc.o
                0x00000000080007ac                HAL_ADC_ConfigChannel
 .text.HAL_NVIC_SetPriorityGrouping
                0x0000000008000910       0x3c Drivers/STM32F4xx_HAL_Driver/Src/stm32f4xx_hal_cortex.o
                0x0000000008000910                HAL_NVIC_SetPriorityGrouping
 .text.HAL_NVIC_SetPriority
                0x000000000800094c       0x84 Drivers/STM32F4xx_HAL_Driver/Src/stm32f4xx_hal_cortex.o
                0x000000000800094c                HAL_NVIC_SetPriority
 .text.HAL_NVIC_EnableIRQ
                0x00000000080009d0       0x2c Drivers/STM32F4xx_HAL_Driver/Src/stm32f4xx_hal_cortex.o
                0x00000000080009d0                HAL_NVIC_EnableIRQ
 .text.HAL_SYSTICK_Config
                0x00000000080009fc       0x2c Drivers/STM32F4xx_HAL_Driver/Src/stm32f4xx_hal_cortex.o
                0x00000000080009fc                HAL_SYSTICK_Config
 .text.HAL_SYSTICK_CLKSourceConfig
                0x0000000008000a28       0x30 Drivers/STM32F4xx_HAL_Driver/Src/stm32f4xx_hal_cortex.o
                0x0000000008000a28                HAL_SYSTICK_CLKSourceConfig
 .text.HAL_GPIO_Init
                0x0000000008000a58      0x28c Drivers/STM32F4xx_HAL_Driver/Src/stm32f4xx_hal_gpio.o
                0x0000000008000a58                HAL_GPIO_Init
 .text.HAL_GPIO_ReadPin
                0x0000000008000ce4       0x24 Drivers/STM32F4xx_HAL_Driver/Src/stm32f4xx_hal_gpio.o
                0x0000000008000ce4                HAL_GPIO_ReadPin
 .text.HAL_GPIO_WritePin
                0x0000000008000d08       0x34 Drivers/STM32F4xx_HAL_Driver/Src/stm32f4xx_hal_gpio.o
                0x0000000008000d08                HAL_GPIO_WritePin
 .text.HAL_I2C_Init
                0x0000000008000d3c      0x1a4 Drivers/STM32F4xx_HAL_Driver/Src/stm32f4xx_hal_i2c.o
                0x0000000008000d3c                HAL_I2C_Init
 .text.HAL_I2S_TxCpltCallback
                0x0000000008000ee0        0x2 Drivers/STM32F4xx_HAL_Driver/Src/stm32f4xx_hal_i2s.o
                0x0000000008000ee0                HAL_I2S_TxCpltCallback
 .text.HAL_I2S_RxCpltCallback
                0x0000000008000ee2        0x2 Drivers/STM32F4xx_HAL_Driver/Src/stm32f4xx_hal_i2s.o
                0x0000000008000ee2                HAL_I2S_RxCpltCallback
 .text.HAL_I2S_ErrorCallback
                0x0000000008000ee4        0x2 Drivers/STM32F4xx_HAL_Driver/Src/stm32f4xx_hal_i2s.o
                0x0000000008000ee4                HAL_I2S_ErrorCallback
 *fill*         0x0000000008000ee6        0x2 
 .text.HAL_I2S_Init
                0x0000000008000ee8      0x1e0 Drivers/STM32F4xx_HAL_Driver/Src/stm32f4xx_hal_i2s.o
                0x0000000008000ee8                HAL_I2S_Init
 .text.I2S_IRQHandler
                0x00000000080010c8      0x10a Drivers/STM32F4xx_HAL_Driver/Src/stm32f4xx_hal_i2s.o
 .text.HAL_I2SEx_TxRxCpltCallback
                0x00000000080011d2        0x2 Drivers/STM32F4xx_HAL_Driver/Src/stm32f4xx_hal_i2s_ex.o
                0x00000000080011d2                HAL_I2SEx_TxRxCpltCallback
 .text.HAL_I2SEx_FullDuplex_IRQHandler
                0x00000000080011d4      0x258 Drivers/STM32F4xx_HAL_Driver/Src/stm32f4xx_hal_i2s_ex.o
                0x00000000080011d4                HAL_I2SEx_FullDuplex_IRQHandler
 .text.HAL_RCC_OscConfig
                0x000000000800142c      0x3f0 Drivers/STM32F4xx_HAL_Driver/Src/stm32f4xx_hal_rcc.o
                0x000000000800142c                HAL_RCC_OscConfig
 .text.HAL_RCC_GetSysClockFreq
                0x000000000800181c       0x5c Drivers/STM32F4xx_HAL_Driver/Src/stm32f4xx_hal_rcc.o
                0x000000000800181c                HAL_RCC_GetSysClockFreq
 .text.HAL_RCC_ClockConfig
                0x0000000008001878      0x1e8 Drivers/STM32F4xx_HAL_Driver/Src/stm32f4xx_hal_rcc.o
                0x0000000008001878                HAL_RCC_ClockConfig
 .text.HAL_RCC_GetHCLKFreq
                0x0000000008001a60        0xc Drivers/STM32F4xx_HAL_Driver/Src/stm32f4xx_hal_rcc.o
                0x0000000008001a60                HAL_RCC_GetHCLKFreq
 .text.HAL_RCC_GetPCLK1Freq
                0x0000000008001a6c       0x20 Drivers/STM32F4xx_HAL_Driver/Src/stm32f4xx_hal_rcc.o
                0x0000000008001a6c                HAL_RCC_GetPCLK1Freq
 .text.HAL_RCC_GetPCLK2Freq
                0x0000000008001a8c       0x20 Drivers/STM32F4xx_HAL_Driver/Src/stm32f4xx_hal_rcc.o
                0x0000000008001a8c                HAL_RCC_GetPCLK2Freq
 .text.HAL_RCC_GetClockConfig
                0x0000000008001aac       0x3c Drivers/STM32F4xx_HAL_Driver/Src/stm32f4xx_hal_rcc.o
                0x0000000008001aac                HAL_RCC_GetClockConfig
 .text.HAL_RCCEx_GetPeriphCLKFreq
                0x0000000008001ae8       0x5c Drivers/STM32F4xx_HAL_Driver/Src/stm32f4xx_hal_rcc_ex.o
                0x0000000008001ae8                HAL_RCCEx_GetPeriphCLKFreq
 .text.HAL_SPI_Init
                0x0000000008001b44      0x160 Drivers/STM32F4xx_HAL_Driver/Src/stm32f4xx_hal_spi.o
                0x0000000008001b44                HAL_SPI_Init
 .text.TIM_SlaveTimer_SetConfig
                0x0000000008001ca4      0x3f0 Drivers/STM32F4xx_HAL_Driver/Src/stm32f4xx_hal_tim.o
 .text.HAL_TIM_Base_Start_IT
                0x0000000008002094       0x9c Drivers/STM32F4xx_HAL_Driver/Src/stm32f4xx_hal_tim.o
                0x0000000008002094                HAL_TIM_Base_Start_IT
 .text.HAL_TIM_SlaveConfigSynchronization
                0x0000000008002130       0xbc Drivers/STM32F4xx_HAL_Driver/Src/stm32f4xx_hal_tim.o
                0x0000000008002130                HAL_TIM_SlaveConfigSynchronization
 .text.HAL_TIM_OC_DelayElapsedCallback
                0x00000000080021ec        0x2 Drivers/STM32F4xx_HAL_Driver/Src/stm32f4xx_hal_tim.o
                0x00000000080021ec                HAL_TIM_OC_DelayElapsedCallback
 .text.HAL_TIM_IC_CaptureCallback
                0x00000000080021ee        0x2 Drivers/STM32F4xx_HAL_Driver/Src/stm32f4xx_hal_tim.o
                0x00000000080021ee                HAL_TIM_IC_CaptureCallback
 .text.HAL_TIM_PWM_PulseFinishedCallback
                0x00000000080021f0        0x2 Drivers/STM32F4xx_HAL_Driver/Src/stm32f4xx_hal_tim.o
                0x00000000080021f0                HAL_TIM_PWM_PulseFinishedCallback
 .text.HAL_TIM_TriggerCallback
                0x00000000080021f2        0x2 Drivers/STM32F4xx_HAL_Driver/Src/stm32f4xx_hal_tim.o
                0x00000000080021f2                HAL_TIM_TriggerCallback
 .text.HAL_TIM_IRQHandler
                0x00000000080021f4      0x144 Drivers/STM32F4xx_HAL_Driver/Src/stm32f4xx_hal_tim.o
                0x00000000080021f4                HAL_TIM_IRQHandler
 .text.TIM_Base_SetConfig
                0x0000000008002338       0xc8 Drivers/STM32F4xx_HAL_Driver/Src/stm32f4xx_hal_tim.o
                0x0000000008002338                TIM_Base_SetConfig
 .text.HAL_TIM_Base_Init
                0x0000000008002400       0xe8 Drivers/STM32F4xx_HAL_Driver/Src/stm32f4xx_hal_tim.o
                0x0000000008002400                HAL_TIM_Base_Init
 .text.HAL_TIMEx_MasterConfigSynchronization
                0x00000000080024e8       0xc0 Drivers/STM32F4xx_HAL_Driver/Src/stm32f4xx_hal_tim_ex.o
                0x00000000080024e8                HAL_TIMEx_MasterConfigSynchronization
 .text.HAL_TIMEx_CommutationCallback
                0x00000000080025a8        0x2 Drivers/STM32F4xx_HAL_Driver/Src/stm32f4xx_hal_tim_ex.o
                0x00000000080025a8                HAL_TIMEx_CommutationCallback
 .text.HAL_TIMEx_BreakCallback
                0x00000000080025aa        0x2 Drivers/STM32F4xx_HAL_Driver/Src/stm32f4xx_hal_tim_ex.o
                0x00000000080025aa                HAL_TIMEx_BreakCallback
 .text.UART_SetConfig
                0x00000000080025ac      0x28c Drivers/STM32F4xx_HAL_Driver/Src/stm32f4xx_hal_uart.o
 .text.HAL_UART_Init
                0x0000000008002838      0x104 Drivers/STM32F4xx_HAL_Driver/Src/stm32f4xx_hal_uart.o
                0x0000000008002838                HAL_UART_Init
 .text.osKernelStart
                0x000000000800293c        0xa Middlewares/Third_Party/FreeRTOS/Source/CMSIS_RTOS/cmsis_os.o
                0x000000000800293c                osKernelStart
 .text.osThreadCreate
                0x0000000008002946       0x30 Middlewares/Third_Party/FreeRTOS/Source/CMSIS_RTOS/cmsis_os.o
                0x0000000008002946                osThreadCreate
 .text.osDelay  0x0000000008002976       0x10 Middlewares/Third_Party/FreeRTOS/Source/CMSIS_RTOS/cmsis_os.o
                0x0000000008002976                osDelay
 .text.osSystickHandler
                0x0000000008002986       0x14 Middlewares/Third_Party/FreeRTOS/Source/CMSIS_RTOS/cmsis_os.o
                0x0000000008002986                osSystickHandler
 .text.vListInitialise
                0x000000000800299a       0x16 Middlewares/Third_Party/FreeRTOS/Source/list.o
                0x000000000800299a                vListInitialise
 .text.vListInitialiseItem
                0x00000000080029b0        0x6 Middlewares/Third_Party/FreeRTOS/Source/list.o
                0x00000000080029b0                vListInitialiseItem
 .text.vListInsertEnd
                0x00000000080029b6       0x18 Middlewares/Third_Party/FreeRTOS/Source/list.o
                0x00000000080029b6                vListInsertEnd
 .text.vListInsert
                0x00000000080029ce       0x2e Middlewares/Third_Party/FreeRTOS/Source/list.o
                0x00000000080029ce                vListInsert
 .text.uxListRemove
                0x00000000080029fc       0x20 Middlewares/Third_Party/FreeRTOS/Source/list.o
                0x00000000080029fc                uxListRemove
 .text.prvTaskExitError
                0x0000000008002a1c       0x30 Middlewares/Third_Party/FreeRTOS/Source/portable/GCC/ARM_CM4F/port.o
 .text.prvPortStartFirstTask
                0x0000000008002a4c       0x20 Middlewares/Third_Party/FreeRTOS/Source/portable/GCC/ARM_CM4F/port.o
 .text.vPortEnableVFP
                0x0000000008002a6c       0x14 Middlewares/Third_Party/FreeRTOS/Source/portable/GCC/ARM_CM4F/port.o
 .text.pxPortInitialiseStack
                0x0000000008002a80       0x2c Middlewares/Third_Party/FreeRTOS/Source/portable/GCC/ARM_CM4F/port.o
                0x0000000008002a80                pxPortInitialiseStack
 *fill*         0x0000000008002aac        0x4 
 .text.SVC_Handler
                0x0000000008002ab0       0x24 Middlewares/Third_Party/FreeRTOS/Source/portable/GCC/ARM_CM4F/port.o
                0x0000000008002ab0                SVC_Handler
 .text.vPortEnterCritical
                0x0000000008002ad4       0x44 Middlewares/Third_Party/FreeRTOS/Source/portable/GCC/ARM_CM4F/port.o
                0x0000000008002ad4                vPortEnterCritical
 .text.vPortExitCritical
                0x0000000008002b18       0x28 Middlewares/Third_Party/FreeRTOS/Source/portable/GCC/ARM_CM4F/port.o
                0x0000000008002b18                vPortExitCritical
 .text.PendSV_Handler
                0x0000000008002b40       0x64 Middlewares/Third_Party/FreeRTOS/Source/portable/GCC/ARM_CM4F/port.o
                0x0000000008002b40                PendSV_Handler
 .text.xPortSysTickHandler
                0x0000000008002ba4       0x2c Middlewares/Third_Party/FreeRTOS/Source/portable/GCC/ARM_CM4F/port.o
                0x0000000008002ba4                xPortSysTickHandler
 .text.vPortSetupTimerInterrupt
                0x0000000008002bd0       0x28 Middlewares/Third_Party/FreeRTOS/Source/portable/GCC/ARM_CM4F/port.o
                0x0000000008002bd0                vPortSetupTimerInterrupt
 .text.xPortStartScheduler
                0x0000000008002bf8       0xec Middlewares/Third_Party/FreeRTOS/Source/portable/GCC/ARM_CM4F/port.o
                0x0000000008002bf8                xPortStartScheduler
 .text.unlikely.prvInsertBlockIntoFreeList
                0x0000000008002ce4       0x48 Middlewares/Third_Party/FreeRTOS/Source/portable/MemMang/heap_4.o
 .text.pvPortMalloc
                0x0000000008002d2c      0x11c Middlewares/Third_Party/FreeRTOS/Source/portable/MemMang/heap_4.o
                0x0000000008002d2c                pvPortMalloc
 .text.vPortFree
                0x0000000008002e48       0x70 Middlewares/Third_Party/FreeRTOS/Source/portable/MemMang/heap_4.o
                0x0000000008002e48                vPortFree
 .text.unlikely.prvCopyDataToQueue
                0x0000000008002eb8       0x66 Middlewares/Third_Party/FreeRTOS/Source/queue.o
 .text.unlikely.prvCopyDataFromQueue
                0x0000000008002f1e       0x2a Middlewares/Third_Party/FreeRTOS/Source/queue.o
 .text.prvUnlockQueue
                0x0000000008002f48       0x70 Middlewares/Third_Party/FreeRTOS/Source/queue.o
 .text.xQueueGenericReset
                0x0000000008002fb8       0x68 Middlewares/Third_Party/FreeRTOS/Source/queue.o
                0x0000000008002fb8                xQueueGenericReset
 .text.xQueueGenericCreate
                0x0000000008003020       0x42 Middlewares/Third_Party/FreeRTOS/Source/queue.o
                0x0000000008003020                xQueueGenericCreate
 *fill*         0x0000000008003062        0x2 
 .text.xQueueGenericSend
                0x0000000008003064      0x154 Middlewares/Third_Party/FreeRTOS/Source/queue.o
                0x0000000008003064                xQueueGenericSend
 .text.xQueueGenericReceive
                0x00000000080031b8      0x178 Middlewares/Third_Party/FreeRTOS/Source/queue.o
                0x00000000080031b8                xQueueGenericReceive
 .text.uxQueueMessagesWaiting
                0x0000000008003330       0x26 Middlewares/Third_Party/FreeRTOS/Source/queue.o
                0x0000000008003330                uxQueueMessagesWaiting
 *fill*         0x0000000008003356        0x2 
 .text.prvResetNextTaskUnblockTime
                0x0000000008003358       0x24 Middlewares/Third_Party/FreeRTOS/Source/tasks.o
 .text.prvAddCurrentTaskToDelayedList
                0x000000000800337c       0x8c Middlewares/Third_Party/FreeRTOS/Source/tasks.o
 .text.vTaskSetTimeOutState.part.6
                0x0000000008003408       0x12 Middlewares/Third_Party/FreeRTOS/Source/tasks.o
 *fill*         0x000000000800341a        0x2 
 .text.xTaskCreate
                0x000000000800341c      0x184 Middlewares/Third_Party/FreeRTOS/Source/tasks.o
                0x000000000800341c                xTaskCreate
 .text.vTaskStartScheduler
                0x00000000080035a0       0x78 Middlewares/Third_Party/FreeRTOS/Source/tasks.o
                0x00000000080035a0                vTaskStartScheduler
 .text.vTaskSuspendAll
                0x0000000008003618       0x10 Middlewares/Third_Party/FreeRTOS/Source/tasks.o
                0x0000000008003618                vTaskSuspendAll
 .text.xTaskIncrementTick
                0x0000000008003628       0xd8 Middlewares/Third_Party/FreeRTOS/Source/tasks.o
                0x0000000008003628                xTaskIncrementTick
 .text.xTaskResumeAll
                0x0000000008003700       0xd0 Middlewares/Third_Party/FreeRTOS/Source/tasks.o
                0x0000000008003700                xTaskResumeAll
 .text.vTaskDelay
                0x00000000080037d0       0x48 Middlewares/Third_Party/FreeRTOS/Source/tasks.o
                0x00000000080037d0                vTaskDelay
 .text.prvIdleTask
                0x0000000008003818       0x68 Middlewares/Third_Party/FreeRTOS/Source/tasks.o
 .text.vTaskSwitchContext
                0x0000000008003880       0x74 Middlewares/Third_Party/FreeRTOS/Source/tasks.o
                0x0000000008003880                vTaskSwitchContext
 .text.vTaskPlaceOnEventList
                0x00000000080038f4       0x34 Middlewares/Third_Party/FreeRTOS/Source/tasks.o
                0x00000000080038f4                vTaskPlaceOnEventList
 .text.xTaskRemoveFromEventList
                0x0000000008003928       0x84 Middlewares/Third_Party/FreeRTOS/Source/tasks.o
                0x0000000008003928                xTaskRemoveFromEventList
 .text.vTaskSetTimeOutState
                0x00000000080039ac       0x20 Middlewares/Third_Party/FreeRTOS/Source/tasks.o
                0x00000000080039ac                vTaskSetTimeOutState
 .text.xTaskCheckForTimeOut
                0x00000000080039cc       0x74 Middlewares/Third_Party/FreeRTOS/Source/tasks.o
                0x00000000080039cc                xTaskCheckForTimeOut
 .text.vTaskMissedYield
                0x0000000008003a40        0xc Middlewares/Third_Party/FreeRTOS/Source/tasks.o
                0x0000000008003a40                vTaskMissedYield
 .text.xTaskGetSchedulerState
                0x0000000008003a4c       0x20 Middlewares/Third_Party/FreeRTOS/Source/tasks.o
                0x0000000008003a4c                xTaskGetSchedulerState
 .text.vTaskPriorityInherit
                0x0000000008003a6c       0x8c Middlewares/Third_Party/FreeRTOS/Source/tasks.o
                0x0000000008003a6c                vTaskPriorityInherit
 .text.xTaskPriorityDisinherit
                0x0000000008003af8       0xa0 Middlewares/Third_Party/FreeRTOS/Source/tasks.o
                0x0000000008003af8                xTaskPriorityDisinherit
 .text.pvTaskIncrementMutexHeldCount
                0x0000000008003b98       0x18 Middlewares/Third_Party/FreeRTOS/Source/tasks.o
                0x0000000008003b98                pvTaskIncrementMutexHeldCount
 .text.MX_ADC1_Init
                0x0000000008003bb0       0x64 Src/adc.o
                0x0000000008003bb0                MX_ADC1_Init
 .text.MX_ADC2_Init
                0x0000000008003c14       0x64 Src/adc.o
                0x0000000008003c14                MX_ADC2_Init
 .text.MX_ADC3_Init
                0x0000000008003c78       0x68 Src/adc.o
                0x0000000008003c78                MX_ADC3_Init
 .text.HAL_ADC_MspInit
                0x0000000008003ce0       0x94 Src/adc.o
                0x0000000008003ce0                HAL_ADC_MspInit
 .text.StartButtonTask
                0x0000000008003d74      0x11c Src/buttons.o
                0x0000000008003d74                StartButtonTask
 .text.setVFO   0x0000000008003e90       0xd4 Src/dds.o
                0x0000000008003e90                setVFO
 .text.getDigitFromInt
                0x0000000008003f64       0x28 Src/display.o
                0x0000000008003f64                getDigitFromInt
 .text.getDigitMask
                0x0000000008003f8c       0x10 Src/display.o
                0x0000000008003f8c                getDigitMask
 .text.updateCharacterDisplay
                0x0000000008003f9c      0x110 Src/display.o
                0x0000000008003f9c                updateCharacterDisplay
 .text.updateRgDisplay
                0x00000000080040ac      0x338 Src/display.o
                0x00000000080040ac                updateRgDisplay
 .text.updateStatusDisplay
                0x00000000080043e4       0xcc Src/display.o
                0x00000000080043e4                updateStatusDisplay
 .text.StartDisplayTask
                0x00000000080044b0       0x6c Src/display.o
                0x00000000080044b0                StartDisplayTask
 .text.StartDefaultTask
                0x000000000800451c      0x108 Src/freertos.o
                0x000000000800451c                StartDefaultTask
 .text.MX_FREERTOS_Init
                0x0000000008004624       0x88 Src/freertos.o
                0x0000000008004624                MX_FREERTOS_Init
 .text.MX_GPIO_Init
                0x00000000080046ac      0x208 Src/gpio.o
                0x00000000080046ac                MX_GPIO_Init
 .text.MX_I2C1_Init
                0x00000000080048b4       0x48 Src/i2c.o
                0x00000000080048b4                MX_I2C1_Init
 .text.MX_I2C2_Init
                0x00000000080048fc       0x48 Src/i2c.o
                0x00000000080048fc                MX_I2C2_Init
 .text.HAL_I2C_MspInit
                0x0000000008004944       0x94 Src/i2c.o
                0x0000000008004944                HAL_I2C_MspInit
 .text.MX_I2S2_Init
                0x00000000080049d8       0x44 Src/i2s.o
                0x00000000080049d8                MX_I2S2_Init
 .text.MX_I2S3_Init
                0x0000000008004a1c       0x44 Src/i2s.o
                0x0000000008004a1c                MX_I2S3_Init
 .text.HAL_I2S_MspInit
                0x0000000008004a60       0xe8 Src/i2s.o
                0x0000000008004a60                HAL_I2S_MspInit
 .text.SystemClock_Config
                0x0000000008004b48       0xb0 Src/main.o
                0x0000000008004b48                SystemClock_Config
 .text.startup.main
                0x0000000008004bf8       0x44 Src/main.o
                0x0000000008004bf8                main
 .text.HAL_TIM_PeriodElapsedCallback
                0x0000000008004c3c       0x14 Src/main.o
                0x0000000008004c3c                HAL_TIM_PeriodElapsedCallback
 .text._Error_Handler
                0x0000000008004c50        0x2 Src/main.o
                0x0000000008004c50                _Error_Handler
 .text.assert_failed
                0x0000000008004c52        0x2 Src/main.o
                0x0000000008004c52                assert_failed
 .text.MX_SPI1_Init
                0x0000000008004c54       0x4c Src/spi.o
                0x0000000008004c54                MX_SPI1_Init
 .text.HAL_SPI_MspInit
                0x0000000008004ca0       0x4c Src/spi.o
                0x0000000008004ca0                HAL_SPI_MspInit
 .text.HAL_MspInit
                0x0000000008004cec       0x60 Src/stm32f4xx_hal_msp.o
                0x0000000008004cec                HAL_MspInit
 .text.HAL_InitTick
                0x0000000008004d4c       0x7c Src/stm32f4xx_hal_timebase_TIM.o
                0x0000000008004d4c                HAL_InitTick
 .text.NMI_Handler
                0x0000000008004dc8        0x2 Src/stm32f4xx_it.o
                0x0000000008004dc8                NMI_Handler
 .text.HardFault_Handler
                0x0000000008004dca        0x2 Src/stm32f4xx_it.o
                0x0000000008004dca                HardFault_Handler
 .text.MemManage_Handler
                0x0000000008004dcc        0x2 Src/stm32f4xx_it.o
                0x0000000008004dcc                MemManage_Handler
 .text.BusFault_Handler
                0x0000000008004dce        0x2 Src/stm32f4xx_it.o
                0x0000000008004dce                BusFault_Handler
 .text.UsageFault_Handler
                0x0000000008004dd0        0x2 Src/stm32f4xx_it.o
                0x0000000008004dd0                UsageFault_Handler
 .text.DebugMon_Handler
                0x0000000008004dd2        0x2 Src/stm32f4xx_it.o
                0x0000000008004dd2                DebugMon_Handler
 .text.SysTick_Handler
                0x0000000008004dd4        0x4 Src/stm32f4xx_it.o
                0x0000000008004dd4                SysTick_Handler
 .text.TIM3_IRQHandler
                0x0000000008004dd8        0xc Src/stm32f4xx_it.o
                0x0000000008004dd8                TIM3_IRQHandler
 .text.SystemInit
                0x0000000008004de4       0x4c Src/system_stm32f4xx.o
                0x0000000008004de4                SystemInit
 .text.MX_TIM2_Init
                0x0000000008004e30       0x60 Src/tim.o
                0x0000000008004e30                MX_TIM2_Init
 .text.MX_TIM5_Init
                0x0000000008004e90       0x64 Src/tim.o
                0x0000000008004e90                MX_TIM5_Init
 .text.HAL_TIM_Base_MspInit
                0x0000000008004ef4       0x50 Src/tim.o
                0x0000000008004ef4                HAL_TIM_Base_MspInit
 .text.MX_USART1_UART_Init
                0x0000000008004f44       0x40 Src/usart.o
                0x0000000008004f44                MX_USART1_UART_Init
 .text.HAL_UART_MspInit
                0x0000000008004f84       0x54 Src/usart.o
                0x0000000008004f84                HAL_UART_MspInit
 .text.Reset_Handler
                0x0000000008004fd8       0x50 startup/startup_stm32f407xx.o
                0x0000000008004fd8                Reset_Handler
 .text.Default_Handler
                0x0000000008005028        0x2 startup/startup_stm32f407xx.o
                0x0000000008005028                RTC_Alarm_IRQHandler
                0x0000000008005028                HASH_RNG_IRQHandler
                0x0000000008005028                EXTI2_IRQHandler
                0x0000000008005028                TIM8_CC_IRQHandler
                0x0000000008005028                TIM1_CC_IRQHandler
                0x0000000008005028                DMA2_Stream5_IRQHandler
                0x0000000008005028                DMA1_Stream5_IRQHandler
                0x0000000008005028                PVD_IRQHandler
                0x0000000008005028                SDIO_IRQHandler
                0x0000000008005028                TAMP_STAMP_IRQHandler
                0x0000000008005028                CAN2_RX1_IRQHandler
                0x0000000008005028                EXTI3_IRQHandler
                0x0000000008005028                TIM8_TRG_COM_TIM14_IRQHandler
                0x0000000008005028                TIM1_UP_TIM10_IRQHandler
                0x0000000008005028                TIM8_UP_TIM13_IRQHandler
                0x0000000008005028                I2C3_ER_IRQHandler
                0x0000000008005028                EXTI0_IRQHandler
                0x0000000008005028                I2C2_EV_IRQHandler
                0x0000000008005028                DMA1_Stream2_IRQHandler
                0x0000000008005028                CAN1_RX0_IRQHandler
                0x0000000008005028                FPU_IRQHandler
                0x0000000008005028                OTG_HS_WKUP_IRQHandler
                0x0000000008005028                CAN2_SCE_IRQHandler
                0x0000000008005028                DMA2_Stream2_IRQHandler
                0x0000000008005028                SPI1_IRQHandler
                0x0000000008005028                TIM6_DAC_IRQHandler
                0x0000000008005028                TIM1_BRK_TIM9_IRQHandler
                0x0000000008005028                DCMI_IRQHandler
                0x0000000008005028                CAN2_RX0_IRQHandler
                0x0000000008005028                DMA2_Stream3_IRQHandler
                0x0000000008005028                USART6_IRQHandler
                0x0000000008005028                USART3_IRQHandler
                0x0000000008005028                CAN1_RX1_IRQHandler
                0x0000000008005028                UART5_IRQHandler
                0x0000000008005028                DMA2_Stream0_IRQHandler
                0x0000000008005028                TIM4_IRQHandler
                0x0000000008005028                I2C1_EV_IRQHandler
                0x0000000008005028                DMA1_Stream6_IRQHandler
                0x0000000008005028                DMA1_Stream1_IRQHandler
                0x0000000008005028                UART4_IRQHandler
                0x0000000008005028                RCC_IRQHandler
                0x0000000008005028                TIM8_BRK_TIM12_IRQHandler
                0x0000000008005028                Default_Handler
                0x0000000008005028                EXTI15_10_IRQHandler
                0x0000000008005028                ADC_IRQHandler
                0x0000000008005028                DMA1_Stream7_IRQHandler
                0x0000000008005028                TIM7_IRQHandler
                0x0000000008005028                CAN2_TX_IRQHandler
                0x0000000008005028                TIM5_IRQHandler
                0x0000000008005028                DMA2_Stream7_IRQHandler
                0x0000000008005028                I2C3_EV_IRQHandler
                0x0000000008005028                EXTI9_5_IRQHandler
                0x0000000008005028                RTC_WKUP_IRQHandler
                0x0000000008005028                ETH_WKUP_IRQHandler
                0x0000000008005028                SPI2_IRQHandler
                0x0000000008005028                OTG_HS_EP1_IN_IRQHandler
                0x0000000008005028                DMA1_Stream0_IRQHandler
                0x0000000008005028                CAN1_TX_IRQHandler
                0x0000000008005028                EXTI4_IRQHandler
                0x0000000008005028                FSMC_IRQHandler
                0x0000000008005028                ETH_IRQHandler
                0x0000000008005028                OTG_HS_EP1_OUT_IRQHandler
                0x0000000008005028                WWDG_IRQHandler
                0x0000000008005028                TIM2_IRQHandler
                0x0000000008005028                OTG_FS_WKUP_IRQHandler
                0x0000000008005028                TIM1_TRG_COM_TIM11_IRQHandler
                0x0000000008005028                OTG_HS_IRQHandler
                0x0000000008005028                EXTI1_IRQHandler
                0x0000000008005028                USART2_IRQHandler
                0x0000000008005028                I2C2_ER_IRQHandler
                0x0000000008005028                DMA2_Stream1_IRQHandler
                0x0000000008005028                CAN1_SCE_IRQHandler
                0x0000000008005028                FLASH_IRQHandler
                0x0000000008005028                DMA2_Stream4_IRQHandler
                0x0000000008005028                USART1_IRQHandler
                0x0000000008005028                OTG_FS_IRQHandler
                0x0000000008005028                SPI3_IRQHandler
                0x0000000008005028                DMA1_Stream4_IRQHandler
                0x0000000008005028                I2C1_ER_IRQHandler
                0x0000000008005028                DMA2_Stream6_IRQHandler
                0x0000000008005028                DMA1_Stream3_IRQHandler
 *fill*         0x000000000800502a        0x2 
 .text.__libc_init_array
                0x000000000800502c       0x48 /opt/Atollic_TrueSTUDIO_for_STM32_x86_64_9.0.0/ARMTools/bin/../lib/gcc/arm-atollic-eabi/6.3.1/../../../../arm-atollic-eabi/lib/armv7e-m/fpu/libc_nano.a(lib_a-init.o)
                0x000000000800502c                __libc_init_array
 .text.memcpy   0x0000000008005074       0x16 /opt/Atollic_TrueSTUDIO_for_STM32_x86_64_9.0.0/ARMTools/bin/../lib/gcc/arm-atollic-eabi/6.3.1/../../../../arm-atollic-eabi/lib/armv7e-m/fpu/libc_nano.a(lib_a-memcpy-stub.o)
                0x0000000008005074                memcpy
 *(.glue_7)
 .glue_7        0x000000000800508a        0x0 linker stubs
 *(.glue_7t)
 .glue_7t       0x000000000800508a        0x0 linker stubs
 *(.eh_frame)
 *fill*         0x000000000800508a        0x2 
 .eh_frame      0x000000000800508c        0x0 /opt/Atollic_TrueSTUDIO_for_STM32_x86_64_9.0.0/ARMTools/bin/../lib/gcc/arm-atollic-eabi/6.3.1/armv7e-m/fpu/crtbegin.o
 *(.init)
 .init          0x000000000800508c        0x4 /opt/Atollic_TrueSTUDIO_for_STM32_x86_64_9.0.0/ARMTools/bin/../lib/gcc/arm-atollic-eabi/6.3.1/armv7e-m/fpu/crti.o
                0x000000000800508c                _init
 .init          0x0000000008005090        0x8 /opt/Atollic_TrueSTUDIO_for_STM32_x86_64_9.0.0/ARMTools/bin/../lib/gcc/arm-atollic-eabi/6.3.1/armv7e-m/fpu/crtn.o
 *(.fini)
 .fini          0x0000000008005098        0x4 /opt/Atollic_TrueSTUDIO_for_STM32_x86_64_9.0.0/ARMTools/bin/../lib/gcc/arm-atollic-eabi/6.3.1/armv7e-m/fpu/crti.o
                0x0000000008005098                _fini
 .fini          0x000000000800509c        0x8 /opt/Atollic_TrueSTUDIO_for_STM32_x86_64_9.0.0/ARMTools/bin/../lib/gcc/arm-atollic-eabi/6.3.1/armv7e-m/fpu/crtn.o
                0x00000000080050a4                . = ALIGN (0x4)
                0x00000000080050a4                _etext = .

.vfp11_veneer   0x00000000080050a4        0x0
 .vfp11_veneer  0x00000000080050a4        0x0 linker stubs

.v4_bx          0x00000000080050a4        0x0
 .v4_bx         0x00000000080050a4        0x0 linker stubs

.iplt           0x00000000080050a4        0x0
 .iplt          0x00000000080050a4        0x0 /opt/Atollic_TrueSTUDIO_for_STM32_x86_64_9.0.0/ARMTools/bin/../lib/gcc/arm-atollic-eabi/6.3.1/armv7e-m/fpu/crtbegin.o

.rodata         0x00000000080050a4      0x334
                0x00000000080050a4                . = ALIGN (0x4)
 *(.rodata)
 .rodata        0x00000000080050a4       0x24 Src/buttons.o
 .rodata        0x00000000080050c8       0x3c Src/freertos.o
 *(.rodata*)
 .rodata.HAL_ADC_Init.str1.1
                0x0000000008005104       0x38 Drivers/STM32F4xx_HAL_Driver/Src/stm32f4xx_hal_adc.o
 .rodata.HAL_NVIC_SetPriorityGrouping.str1.1
                0x000000000800513c       0x3b Drivers/STM32F4xx_HAL_Driver/Src/stm32f4xx_hal_cortex.o
 .rodata.HAL_GPIO_Init.str1.1
                0x0000000008005177       0x39 Drivers/STM32F4xx_HAL_Driver/Src/stm32f4xx_hal_gpio.o
 .rodata.HAL_I2C_Init.str1.1
                0x00000000080051b0       0x38 Drivers/STM32F4xx_HAL_Driver/Src/stm32f4xx_hal_i2c.o
 .rodata.HAL_I2S_Init.str1.1
                0x00000000080051e8       0x38 Drivers/STM32F4xx_HAL_Driver/Src/stm32f4xx_hal_i2s.o
 .rodata.HAL_RCC_OscConfig.str1.1
                0x0000000008005220       0x38 Drivers/STM32F4xx_HAL_Driver/Src/stm32f4xx_hal_rcc.o
 .rodata.HAL_SPI_Init.str1.1
                0x0000000008005258       0x38 Drivers/STM32F4xx_HAL_Driver/Src/stm32f4xx_hal_spi.o
 .rodata.TIM_OC3_SetConfig.str1.1
                0x0000000008005290       0x38 Drivers/STM32F4xx_HAL_Driver/Src/stm32f4xx_hal_tim.o
 .rodata.TIM_CCxNChannelCmd.str1.1
                0x00000000080052c8       0x3b Drivers/STM32F4xx_HAL_Driver/Src/stm32f4xx_hal_tim_ex.o
 .rodata.UART_SetConfig.str1.1
                0x0000000008005303       0x39 Drivers/STM32F4xx_HAL_Driver/Src/stm32f4xx_hal_uart.o
 .rodata.vTaskStartScheduler.str1.1
                0x000000000800533c        0x5 Middlewares/Third_Party/FreeRTOS/Source/tasks.o
 .rodata.MX_ADC1_Init.str1.1
                0x0000000008005341        0xd Src/adc.o
 .rodata.CSWTCH.10
                0x000000000800534e        0xa Src/display.o
 .rodata.str1.1
                0x0000000008005358       0x23 Src/freertos.o
 .rodata.MX_I2C1_Init.str1.1
                0x000000000800537b        0xd Src/i2c.o
 .rodata.MX_I2S2_Init.str1.1
                0x0000000008005388        0xd Src/i2s.o
 .rodata.MX_SPI1_Init.str1.1
                0x0000000008005395        0xd Src/spi.o
 .rodata.AHBPrescTable
                0x00000000080053a2       0x10 Src/system_stm32f4xx.o
                0x00000000080053a2                AHBPrescTable
 .rodata.APBPrescTable
                0x00000000080053b2        0x8 Src/system_stm32f4xx.o
                0x00000000080053b2                APBPrescTable
 .rodata.MX_TIM2_Init.str1.1
                0x00000000080053ba        0xd Src/tim.o
 .rodata.MX_USART1_UART_Init.str1.1
                0x00000000080053c7        0xf Src/usart.o
                0x00000000080053d8                . = ALIGN (0x4)
 *fill*         0x00000000080053d6        0x2 

.ARM.extab
 *(.ARM.extab* .gnu.linkonce.armextab.*)

.ARM            0x00000000080053d8        0x8
                0x00000000080053d8                __exidx_start = .
 *(.ARM.exidx*)
 .ARM.exidx     0x00000000080053d8        0x8 /opt/Atollic_TrueSTUDIO_for_STM32_x86_64_9.0.0/ARMTools/bin/../lib/gcc/arm-atollic-eabi/6.3.1/armv7e-m/fpu/libgcc.a(_udivmoddi4.o)
                0x00000000080053e0                __exidx_end = .

.rel.dyn        0x00000000080053e0        0x0
 .rel.iplt      0x00000000080053e0        0x0 /opt/Atollic_TrueSTUDIO_for_STM32_x86_64_9.0.0/ARMTools/bin/../lib/gcc/arm-atollic-eabi/6.3.1/armv7e-m/fpu/crtbegin.o

.preinit_array  0x00000000080053e0        0x0
                0x00000000080053e0                PROVIDE (__preinit_array_start, .)
 *(.preinit_array*)
                0x00000000080053e0                PROVIDE (__preinit_array_end, .)

.init_array     0x00000000080053e0        0x4
                0x00000000080053e0                PROVIDE (__init_array_start, .)
 *(SORT(.init_array.*))
 *(.init_array*)
 .init_array    0x00000000080053e0        0x4 /opt/Atollic_TrueSTUDIO_for_STM32_x86_64_9.0.0/ARMTools/bin/../lib/gcc/arm-atollic-eabi/6.3.1/armv7e-m/fpu/crtbegin.o
                0x00000000080053e4                PROVIDE (__init_array_end, .)

.fini_array     0x00000000080053e4        0x4
                [!provide]                        PROVIDE (__fini_array_start, .)
 *(SORT(.fini_array.*))
 *(.fini_array*)
 .fini_array    0x00000000080053e4        0x4 /opt/Atollic_TrueSTUDIO_for_STM32_x86_64_9.0.0/ARMTools/bin/../lib/gcc/arm-atollic-eabi/6.3.1/armv7e-m/fpu/crtbegin.o
                [!provide]                        PROVIDE (__fini_array_end, .)
                0x00000000080053e8                _sidata = LOADADDR (.data)

.data           0x0000000020000000        0xc load address 0x00000000080053e8
                0x0000000020000000                . = ALIGN (0x4)
                0x0000000020000000                _sdata = .
 *(.data)
 *(.data*)
 .data.uwTickFreq
                0x0000000020000000        0x1 Drivers/STM32F4xx_HAL_Driver/Src/stm32f4xx_hal.o
                0x0000000020000000                uwTickFreq
 *fill*         0x0000000020000001        0x3 
 .data.uxCriticalNesting
                0x0000000020000004        0x4 Middlewares/Third_Party/FreeRTOS/Source/portable/GCC/ARM_CM4F/port.o
 .data.SystemCoreClock
                0x0000000020000008        0x4 Src/system_stm32f4xx.o
                0x0000000020000008                SystemCoreClock
                0x000000002000000c                . = ALIGN (0x4)
                0x000000002000000c                _edata = .
                0x00000000080053f4                _siccmram = LOADADDR (.ccmram)

.igot.plt       0x000000002000000c        0x0 load address 0x00000000080053f4
 .igot.plt      0x000000002000000c        0x0 /opt/Atollic_TrueSTUDIO_for_STM32_x86_64_9.0.0/ARMTools/bin/../lib/gcc/arm-atollic-eabi/6.3.1/armv7e-m/fpu/crtbegin.o

.ccmram         0x0000000010000000        0x0 load address 0x00000000080053f4
                0x0000000010000000                . = ALIGN (0x4)
                0x0000000010000000                _sccmram = .
 *(.ccmram)
 *(.ccmram*)
                0x0000000010000000                . = ALIGN (0x4)
                0x0000000010000000                _eccmram = .
                0x0000000010000000                . = ALIGN (0x4)

.bss            0x000000002000000c     0x40e0
                0x000000002000000c                _sbss = .
                0x000000002000000c                __bss_start__ = _sbss
 *(.bss)
 .bss           0x000000002000000c       0x1c /opt/Atollic_TrueSTUDIO_for_STM32_x86_64_9.0.0/ARMTools/bin/../lib/gcc/arm-atollic-eabi/6.3.1/armv7e-m/fpu/crtbegin.o
 *(.bss*)
 .bss.ucMaxSysCallPriority
                0x0000000020000028        0x1 Middlewares/Third_Party/FreeRTOS/Source/portable/GCC/ARM_CM4F/port.o
 *fill*         0x0000000020000029        0x3 
 .bss.ulMaxPRIGROUPValue
                0x000000002000002c        0x4 Middlewares/Third_Party/FreeRTOS/Source/portable/GCC/ARM_CM4F/port.o
 .bss.pxEnd     0x0000000020000030        0x4 Middlewares/Third_Party/FreeRTOS/Source/portable/MemMang/heap_4.o
 .bss.ucHeap    0x0000000020000034     0x3c00 Middlewares/Third_Party/FreeRTOS/Source/portable/MemMang/heap_4.o
 .bss.xBlockAllocatedBit
                0x0000000020003c34        0x4 Middlewares/Third_Party/FreeRTOS/Source/portable/MemMang/heap_4.o
 .bss.xFreeBytesRemaining
                0x0000000020003c38        0x4 Middlewares/Third_Party/FreeRTOS/Source/portable/MemMang/heap_4.o
 .bss.xMinimumEverFreeBytesRemaining
                0x0000000020003c3c        0x4 Middlewares/Third_Party/FreeRTOS/Source/portable/MemMang/heap_4.o
 .bss.xStart    0x0000000020003c40        0x8 Middlewares/Third_Party/FreeRTOS/Source/portable/MemMang/heap_4.o
 .bss.pxCurrentTCB
                0x0000000020003c48        0x4 Middlewares/Third_Party/FreeRTOS/Source/tasks.o
                0x0000000020003c48                pxCurrentTCB
 .bss.pxDelayedTaskList
                0x0000000020003c4c        0x4 Middlewares/Third_Party/FreeRTOS/Source/tasks.o
 .bss.pxOverflowDelayedTaskList
                0x0000000020003c50        0x4 Middlewares/Third_Party/FreeRTOS/Source/tasks.o
 .bss.pxReadyTasksLists
                0x0000000020003c54       0x8c Middlewares/Third_Party/FreeRTOS/Source/tasks.o
 .bss.uxCurrentNumberOfTasks
                0x0000000020003ce0        0x4 Middlewares/Third_Party/FreeRTOS/Source/tasks.o
 .bss.uxDeletedTasksWaitingCleanUp
                0x0000000020003ce4        0x4 Middlewares/Third_Party/FreeRTOS/Source/tasks.o
 .bss.uxPendedTicks
                0x0000000020003ce8        0x4 Middlewares/Third_Party/FreeRTOS/Source/tasks.o
 .bss.uxSchedulerSuspended
                0x0000000020003cec        0x4 Middlewares/Third_Party/FreeRTOS/Source/tasks.o
 .bss.uxTaskNumber
                0x0000000020003cf0        0x4 Middlewares/Third_Party/FreeRTOS/Source/tasks.o
 .bss.uxTopReadyPriority
                0x0000000020003cf4        0x4 Middlewares/Third_Party/FreeRTOS/Source/tasks.o
 .bss.xDelayedTaskList1
                0x0000000020003cf8       0x14 Middlewares/Third_Party/FreeRTOS/Source/tasks.o
 .bss.xDelayedTaskList2
                0x0000000020003d0c       0x14 Middlewares/Third_Party/FreeRTOS/Source/tasks.o
 .bss.xIdleTaskHandle
                0x0000000020003d20        0x4 Middlewares/Third_Party/FreeRTOS/Source/tasks.o
 .bss.xNextTaskUnblockTime
                0x0000000020003d24        0x4 Middlewares/Third_Party/FreeRTOS/Source/tasks.o
 .bss.xNumOfOverflows
                0x0000000020003d28        0x4 Middlewares/Third_Party/FreeRTOS/Source/tasks.o
 .bss.xPendingReadyList
                0x0000000020003d2c       0x14 Middlewares/Third_Party/FreeRTOS/Source/tasks.o
 .bss.xSchedulerRunning
                0x0000000020003d40        0x4 Middlewares/Third_Party/FreeRTOS/Source/tasks.o
 .bss.xSuspendedTaskList
                0x0000000020003d44       0x14 Middlewares/Third_Party/FreeRTOS/Source/tasks.o
 .bss.xTasksWaitingTermination
                0x0000000020003d58       0x14 Middlewares/Third_Party/FreeRTOS/Source/tasks.o
 .bss.xTickCount
                0x0000000020003d6c        0x4 Middlewares/Third_Party/FreeRTOS/Source/tasks.o
 .bss.xYieldPending
                0x0000000020003d70        0x4 Middlewares/Third_Party/FreeRTOS/Source/tasks.o
 .bss.bank.10135
                0x0000000020003d74        0x1 Src/display.o
 .bss.current_digit.10093
                0x0000000020003d75        0x1 Src/display.o
 .bss.led.10144
                0x0000000020003d76        0x1 Src/display.o
 *(COMMON)
 *fill*         0x0000000020003d77        0x1 
 COMMON         0x0000000020003d78        0x4 Drivers/STM32F4xx_HAL_Driver/Src/stm32f4xx_hal.o
                0x0000000020003d78                uwTick
 COMMON         0x0000000020003d7c       0xd8 Src/adc.o
                0x0000000020003d7c                hadc2
                0x0000000020003dc4                hadc1
                0x0000000020003e0c                hadc3
 COMMON         0x0000000020003e54        0xc Src/freertos.o
                0x0000000020003e54                defaultTaskHandle
                0x0000000020003e58                displayTaskHandle
                0x0000000020003e5c                buttonTaskHandle
 COMMON         0x0000000020003e60        0x8 Src/globals.o
                0x0000000020003e60                xButtonQueue
                0x0000000020003e64                xDisplayQueue
 COMMON         0x0000000020003e68       0xa8 Src/i2c.o
                0x0000000020003e68                hi2c1
                0x0000000020003ebc                hi2c2
 COMMON         0x0000000020003f10       0x90 Src/i2s.o
                0x0000000020003f10                hi2s2
                0x0000000020003f58                hi2s3
 COMMON         0x0000000020003fa0       0x58 Src/spi.o
                0x0000000020003fa0                hspi1
 COMMON         0x0000000020003ff8       0x3c Src/stm32f4xx_hal_timebase_TIM.o
                0x0000000020003ff8                htim3
 COMMON         0x0000000020004034       0x78 Src/tim.o
                0x0000000020004034                htim5
                0x0000000020004070                htim2
 COMMON         0x00000000200040ac       0x40 Src/usart.o
                0x00000000200040ac                huart1
                0x00000000200040ec                . = ALIGN (0x4)
                0x00000000200040ec                _ebss = .
                0x00000000200040ec                __bss_end__ = _ebss

._user_heap_stack
                0x00000000200040ec      0x600
                0x00000000200040ec                . = ALIGN (0x4)
                [!provide]                        PROVIDE (end, .)
                [!provide]                        PROVIDE (_end, .)
                0x00000000200042ec                . = (. + _Min_Heap_Size)
 *fill*         0x00000000200040ec      0x200 
                0x00000000200046ec                . = (. + _Min_Stack_Size)
 *fill*         0x00000000200042ec      0x400 
                0x00000000200046ec                . = ALIGN (0x4)

/DISCARD/
 libc.a(*)
 libm.a(*)
 libgcc.a(*)

.ARM.attributes
                0x0000000000000000       0x30
 *(.ARM.attributes)
 .ARM.attributes
                0x0000000000000000       0x22 /opt/Atollic_TrueSTUDIO_for_STM32_x86_64_9.0.0/ARMTools/bin/../lib/gcc/arm-atollic-eabi/6.3.1/armv7e-m/fpu/crti.o
 .ARM.attributes
                0x0000000000000022       0x34 /opt/Atollic_TrueSTUDIO_for_STM32_x86_64_9.0.0/ARMTools/bin/../lib/gcc/arm-atollic-eabi/6.3.1/armv7e-m/fpu/crtbegin.o
 .ARM.attributes
                0x0000000000000056       0x39 Drivers/STM32F4xx_HAL_Driver/Src/stm32f4xx_hal.o
 .ARM.attributes
                0x000000000000008f       0x39 Drivers/STM32F4xx_HAL_Driver/Src/stm32f4xx_hal_adc.o
 .ARM.attributes
                0x00000000000000c8       0x39 Drivers/STM32F4xx_HAL_Driver/Src/stm32f4xx_hal_cortex.o
 .ARM.attributes
                0x0000000000000101       0x39 Drivers/STM32F4xx_HAL_Driver/Src/stm32f4xx_hal_gpio.o
 .ARM.attributes
                0x000000000000013a       0x39 Drivers/STM32F4xx_HAL_Driver/Src/stm32f4xx_hal_i2c.o
 .ARM.attributes
                0x0000000000000173       0x39 Drivers/STM32F4xx_HAL_Driver/Src/stm32f4xx_hal_i2s.o
 .ARM.attributes
                0x00000000000001ac       0x39 Drivers/STM32F4xx_HAL_Driver/Src/stm32f4xx_hal_i2s_ex.o
 .ARM.attributes
                0x00000000000001e5       0x39 Drivers/STM32F4xx_HAL_Driver/Src/stm32f4xx_hal_rcc.o
 .ARM.attributes
                0x000000000000021e       0x39 Drivers/STM32F4xx_HAL_Driver/Src/stm32f4xx_hal_rcc_ex.o
 .ARM.attributes
                0x0000000000000257       0x39 Drivers/STM32F4xx_HAL_Driver/Src/stm32f4xx_hal_spi.o
 .ARM.attributes
                0x0000000000000290       0x39 Drivers/STM32F4xx_HAL_Driver/Src/stm32f4xx_hal_tim.o
 .ARM.attributes
                0x00000000000002c9       0x39 Drivers/STM32F4xx_HAL_Driver/Src/stm32f4xx_hal_tim_ex.o
 .ARM.attributes
                0x0000000000000302       0x39 Drivers/STM32F4xx_HAL_Driver/Src/stm32f4xx_hal_uart.o
 .ARM.attributes
                0x000000000000033b       0x39 Middlewares/Third_Party/FreeRTOS/Source/CMSIS_RTOS/cmsis_os.o
 .ARM.attributes
                0x0000000000000374       0x39 Middlewares/Third_Party/FreeRTOS/Source/list.o
 .ARM.attributes
                0x00000000000003ad       0x39 Middlewares/Third_Party/FreeRTOS/Source/portable/GCC/ARM_CM4F/port.o
 .ARM.attributes
                0x00000000000003e6       0x39 Middlewares/Third_Party/FreeRTOS/Source/portable/MemMang/heap_4.o
 .ARM.attributes
                0x000000000000041f       0x39 Middlewares/Third_Party/FreeRTOS/Source/queue.o
 .ARM.attributes
                0x0000000000000458       0x39 Middlewares/Third_Party/FreeRTOS/Source/tasks.o
 .ARM.attributes
                0x0000000000000491       0x39 Src/adc.o
 .ARM.attributes
                0x00000000000004ca       0x39 Src/buttons.o
 .ARM.attributes
                0x0000000000000503       0x39 Src/dds.o
 .ARM.attributes
                0x000000000000053c       0x39 Src/display.o
 .ARM.attributes
                0x0000000000000575       0x39 Src/freertos.o
 .ARM.attributes
                0x00000000000005ae       0x39 Src/globals.o
 .ARM.attributes
                0x00000000000005e7       0x39 Src/gpio.o
 .ARM.attributes
                0x0000000000000620       0x39 Src/i2c.o
 .ARM.attributes
                0x0000000000000659       0x39 Src/i2s.o
 .ARM.attributes
                0x0000000000000692       0x39 Src/main.o
 .ARM.attributes
                0x00000000000006cb       0x39 Src/spi.o
 .ARM.attributes
                0x0000000000000704       0x39 Src/stm32f4xx_hal_msp.o
 .ARM.attributes
                0x000000000000073d       0x39 Src/stm32f4xx_hal_timebase_TIM.o
 .ARM.attributes
                0x0000000000000776       0x39 Src/stm32f4xx_it.o
 .ARM.attributes
                0x00000000000007af       0x39 Src/system_stm32f4xx.o
 .ARM.attributes
                0x00000000000007e8       0x39 Src/tim.o
 .ARM.attributes
                0x0000000000000821       0x39 Src/usart.o
 .ARM.attributes
                0x000000000000085a       0x21 startup/startup_stm32f407xx.o
 .ARM.attributes
                0x000000000000087b       0x34 /opt/Atollic_TrueSTUDIO_for_STM32_x86_64_9.0.0/ARMTools/bin/../lib/gcc/arm-atollic-eabi/6.3.1/../../../../arm-atollic-eabi/lib/armv7e-m/fpu/libc_nano.a(lib_a-init.o)
 .ARM.attributes
                0x00000000000008af       0x34 /opt/Atollic_TrueSTUDIO_for_STM32_x86_64_9.0.0/ARMTools/bin/../lib/gcc/arm-atollic-eabi/6.3.1/../../../../arm-atollic-eabi/lib/armv7e-m/fpu/libc_nano.a(lib_a-memcpy-stub.o)
 .ARM.attributes
                0x00000000000008e3       0x22 /opt/Atollic_TrueSTUDIO_for_STM32_x86_64_9.0.0/ARMTools/bin/../lib/gcc/arm-atollic-eabi/6.3.1/armv7e-m/fpu/libgcc.a(_aeabi_uldivmod.o)
 .ARM.attributes
                0x0000000000000905       0x34 /opt/Atollic_TrueSTUDIO_for_STM32_x86_64_9.0.0/ARMTools/bin/../lib/gcc/arm-atollic-eabi/6.3.1/armv7e-m/fpu/libgcc.a(_udivmoddi4.o)
 .ARM.attributes
                0x0000000000000939       0x22 /opt/Atollic_TrueSTUDIO_for_STM32_x86_64_9.0.0/ARMTools/bin/../lib/gcc/arm-atollic-eabi/6.3.1/armv7e-m/fpu/libgcc.a(_dvmd_tls.o)
 .ARM.attributes
                0x000000000000095b       0x22 /opt/Atollic_TrueSTUDIO_for_STM32_x86_64_9.0.0/ARMTools/bin/../lib/gcc/arm-atollic-eabi/6.3.1/armv7e-m/fpu/crtn.o
OUTPUT(hamfam.elf elf32-littlearm)

.debug_info     0x0000000000000000    0x35042
 .debug_info    0x0000000000000000     0x1216 Drivers/STM32F4xx_HAL_Driver/Src/stm32f4xx_hal.o
 .debug_info    0x0000000000001216     0x19e5 Drivers/STM32F4xx_HAL_Driver/Src/stm32f4xx_hal_adc.o
 .debug_info    0x0000000000002bfb     0x19dd Drivers/STM32F4xx_HAL_Driver/Src/stm32f4xx_hal_cortex.o
 .debug_info    0x00000000000045d8     0x10e7 Drivers/STM32F4xx_HAL_Driver/Src/stm32f4xx_hal_gpio.o
 .debug_info    0x00000000000056bf     0x39f4 Drivers/STM32F4xx_HAL_Driver/Src/stm32f4xx_hal_i2c.o
 .debug_info    0x00000000000090b3     0x18c0 Drivers/STM32F4xx_HAL_Driver/Src/stm32f4xx_hal_i2s.o
 .debug_info    0x000000000000a973     0x1599 Drivers/STM32F4xx_HAL_Driver/Src/stm32f4xx_hal_i2s_ex.o
 .debug_info    0x000000000000bf0c     0x1503 Drivers/STM32F4xx_HAL_Driver/Src/stm32f4xx_hal_rcc.o
 .debug_info    0x000000000000d40f      0xf35 Drivers/STM32F4xx_HAL_Driver/Src/stm32f4xx_hal_rcc_ex.o
 .debug_info    0x000000000000e344     0x25da Drivers/STM32F4xx_HAL_Driver/Src/stm32f4xx_hal_spi.o
 .debug_info    0x000000000001091e     0x4b80 Drivers/STM32F4xx_HAL_Driver/Src/stm32f4xx_hal_tim.o
 .debug_info    0x000000000001549e     0x20e7 Drivers/STM32F4xx_HAL_Driver/Src/stm32f4xx_hal_tim_ex.o
 .debug_info    0x0000000000017585     0x216c Drivers/STM32F4xx_HAL_Driver/Src/stm32f4xx_hal_uart.o
 .debug_info    0x00000000000196f1     0x255a Middlewares/Third_Party/FreeRTOS/Source/CMSIS_RTOS/cmsis_os.o
 .debug_info    0x000000000001bc4b      0xb42 Middlewares/Third_Party/FreeRTOS/Source/list.o
 .debug_info    0x000000000001c78d      0xda1 Middlewares/Third_Party/FreeRTOS/Source/portable/GCC/ARM_CM4F/port.o
 .debug_info    0x000000000001d52e      0xd11 Middlewares/Third_Party/FreeRTOS/Source/portable/MemMang/heap_4.o
 .debug_info    0x000000000001e23f     0x2044 Middlewares/Third_Party/FreeRTOS/Source/queue.o
 .debug_info    0x0000000000020283     0x2a3b Middlewares/Third_Party/FreeRTOS/Source/tasks.o
 .debug_info    0x0000000000022cbe     0x13d3 Src/adc.o
 .debug_info    0x0000000000024091      0xcb6 Src/buttons.o
 .debug_info    0x0000000000024d47      0xbdf Src/dds.o
 .debug_info    0x0000000000025926     0x1778 Src/display.o
 .debug_info    0x000000000002709e      0xe39 Src/freertos.o
 .debug_info    0x0000000000027ed7      0x954 Src/globals.o
 .debug_info    0x000000000002882b      0xeea Src/gpio.o
 .debug_info    0x0000000000029715     0x12a4 Src/i2c.o
 .debug_info    0x000000000002a9b9     0x12be Src/i2s.o
 .debug_info    0x000000000002bc77     0x2149 Src/main.o
 .debug_info    0x000000000002ddc0     0x11e8 Src/spi.o
 .debug_info    0x000000000002efa8      0xc61 Src/stm32f4xx_hal_msp.o
 .debug_info    0x000000000002fc09     0x13b5 Src/stm32f4xx_hal_timebase_TIM.o
 .debug_info    0x0000000000030fbe      0xeaa Src/stm32f4xx_it.o
 .debug_info    0x0000000000031e68      0xd1c Src/system_stm32f4xx.o
 .debug_info    0x0000000000032b84     0x12be Src/tim.o
 .debug_info    0x0000000000033e42     0x117e Src/usart.o
 .debug_info    0x0000000000034fc0       0x82 startup/startup_stm32f407xx.o

.debug_abbrev   0x0000000000000000     0x639d
 .debug_abbrev  0x0000000000000000      0x308 Drivers/STM32F4xx_HAL_Driver/Src/stm32f4xx_hal.o
 .debug_abbrev  0x0000000000000308      0x321 Drivers/STM32F4xx_HAL_Driver/Src/stm32f4xx_hal_adc.o
 .debug_abbrev  0x0000000000000629      0x3bb Drivers/STM32F4xx_HAL_Driver/Src/stm32f4xx_hal_cortex.o
 .debug_abbrev  0x00000000000009e4      0x2ae Drivers/STM32F4xx_HAL_Driver/Src/stm32f4xx_hal_gpio.o
 .debug_abbrev  0x0000000000000c92      0x3b4 Drivers/STM32F4xx_HAL_Driver/Src/stm32f4xx_hal_i2c.o
 .debug_abbrev  0x0000000000001046      0x37b Drivers/STM32F4xx_HAL_Driver/Src/stm32f4xx_hal_i2s.o
 .debug_abbrev  0x00000000000013c1      0x377 Drivers/STM32F4xx_HAL_Driver/Src/stm32f4xx_hal_i2s_ex.o
 .debug_abbrev  0x0000000000001738      0x364 Drivers/STM32F4xx_HAL_Driver/Src/stm32f4xx_hal_rcc.o
 .debug_abbrev  0x0000000000001a9c      0x24f Drivers/STM32F4xx_HAL_Driver/Src/stm32f4xx_hal_rcc_ex.o
 .debug_abbrev  0x0000000000001ceb      0x3ac Drivers/STM32F4xx_HAL_Driver/Src/stm32f4xx_hal_spi.o
 .debug_abbrev  0x0000000000002097      0x390 Drivers/STM32F4xx_HAL_Driver/Src/stm32f4xx_hal_tim.o
 .debug_abbrev  0x0000000000002427      0x2de Drivers/STM32F4xx_HAL_Driver/Src/stm32f4xx_hal_tim_ex.o
 .debug_abbrev  0x0000000000002705      0x397 Drivers/STM32F4xx_HAL_Driver/Src/stm32f4xx_hal_uart.o
 .debug_abbrev  0x0000000000002a9c      0x457 Middlewares/Third_Party/FreeRTOS/Source/CMSIS_RTOS/cmsis_os.o
 .debug_abbrev  0x0000000000002ef3      0x1ea Middlewares/Third_Party/FreeRTOS/Source/list.o
 .debug_abbrev  0x00000000000030dd      0x2fb Middlewares/Third_Party/FreeRTOS/Source/portable/GCC/ARM_CM4F/port.o
 .debug_abbrev  0x00000000000033d8      0x31b Middlewares/Third_Party/FreeRTOS/Source/portable/MemMang/heap_4.o
 .debug_abbrev  0x00000000000036f3      0x3b6 Middlewares/Third_Party/FreeRTOS/Source/queue.o
 .debug_abbrev  0x0000000000003aa9      0x437 Middlewares/Third_Party/FreeRTOS/Source/tasks.o
 .debug_abbrev  0x0000000000003ee0      0x229 Src/adc.o
 .debug_abbrev  0x0000000000004109      0x24b Src/buttons.o
 .debug_abbrev  0x0000000000004354      0x22e Src/dds.o
 .debug_abbrev  0x0000000000004582      0x2b4 Src/display.o
 .debug_abbrev  0x0000000000004836      0x23e Src/freertos.o
 .debug_abbrev  0x0000000000004a74      0x16d Src/globals.o
 .debug_abbrev  0x0000000000004be1      0x1f7 Src/gpio.o
 .debug_abbrev  0x0000000000004dd8      0x229 Src/i2c.o
 .debug_abbrev  0x0000000000005001      0x240 Src/i2s.o
 .debug_abbrev  0x0000000000005241      0x2bf Src/main.o
 .debug_abbrev  0x0000000000005500      0x227 Src/spi.o
 .debug_abbrev  0x0000000000005727      0x1d3 Src/stm32f4xx_hal_msp.o
 .debug_abbrev  0x00000000000058fa      0x258 Src/stm32f4xx_hal_timebase_TIM.o
 .debug_abbrev  0x0000000000005b52      0x215 Src/stm32f4xx_it.o
 .debug_abbrev  0x0000000000005d67      0x1ca Src/system_stm32f4xx.o
 .debug_abbrev  0x0000000000005f31      0x233 Src/tim.o
 .debug_abbrev  0x0000000000006164      0x227 Src/usart.o
 .debug_abbrev  0x000000000000638b       0x12 startup/startup_stm32f407xx.o

.debug_loc      0x0000000000000000     0xf952
 .debug_loc     0x0000000000000000       0xf3 Drivers/STM32F4xx_HAL_Driver/Src/stm32f4xx_hal.o
 .debug_loc     0x00000000000000f3      0x6a8 Drivers/STM32F4xx_HAL_Driver/Src/stm32f4xx_hal_adc.o
 .debug_loc     0x000000000000079b      0x560 Drivers/STM32F4xx_HAL_Driver/Src/stm32f4xx_hal_cortex.o
 .debug_loc     0x0000000000000cfb      0x4c1 Drivers/STM32F4xx_HAL_Driver/Src/stm32f4xx_hal_gpio.o
 .debug_loc     0x00000000000011bc     0x297d Drivers/STM32F4xx_HAL_Driver/Src/stm32f4xx_hal_i2c.o
 .debug_loc     0x0000000000003b39      0xb83 Drivers/STM32F4xx_HAL_Driver/Src/stm32f4xx_hal_i2s.o
 .debug_loc     0x00000000000046bc      0x7d2 Drivers/STM32F4xx_HAL_Driver/Src/stm32f4xx_hal_i2s_ex.o
 .debug_loc     0x0000000000004e8e      0x284 Drivers/STM32F4xx_HAL_Driver/Src/stm32f4xx_hal_rcc.o
 .debug_loc     0x0000000000005112      0x2e0 Drivers/STM32F4xx_HAL_Driver/Src/stm32f4xx_hal_rcc_ex.o
 .debug_loc     0x00000000000053f2     0x1354 Drivers/STM32F4xx_HAL_Driver/Src/stm32f4xx_hal_spi.o
 .debug_loc     0x0000000000006746     0x3370 Drivers/STM32F4xx_HAL_Driver/Src/stm32f4xx_hal_tim.o
 .debug_loc     0x0000000000009ab6      0xbfe Drivers/STM32F4xx_HAL_Driver/Src/stm32f4xx_hal_tim_ex.o
 .debug_loc     0x000000000000a6b4     0x1364 Drivers/STM32F4xx_HAL_Driver/Src/stm32f4xx_hal_uart.o
 .debug_loc     0x000000000000ba18     0x1038 Middlewares/Third_Party/FreeRTOS/Source/CMSIS_RTOS/cmsis_os.o
 .debug_loc     0x000000000000ca50       0x94 Middlewares/Third_Party/FreeRTOS/Source/list.o
 .debug_loc     0x000000000000cae4       0xcf Middlewares/Third_Party/FreeRTOS/Source/portable/GCC/ARM_CM4F/port.o
 .debug_loc     0x000000000000cbb3      0x390 Middlewares/Third_Party/FreeRTOS/Source/portable/MemMang/heap_4.o
 .debug_loc     0x000000000000cf43      0xe18 Middlewares/Third_Party/FreeRTOS/Source/queue.o
 .debug_loc     0x000000000000dd5b     0x117d Middlewares/Third_Party/FreeRTOS/Source/tasks.o
 .debug_loc     0x000000000000eed8       0x58 Src/adc.o
 .debug_loc     0x000000000000ef30       0x9f Src/buttons.o
 .debug_loc     0x000000000000efcf      0x113 Src/dds.o
 .debug_loc     0x000000000000f0e2      0x31b Src/display.o
 .debug_loc     0x000000000000f3fd      0x1e9 Src/freertos.o
 .debug_loc     0x000000000000f5e6       0x66 Src/i2c.o
 .debug_loc     0x000000000000f64c       0x7f Src/i2s.o
 .debug_loc     0x000000000000f6cb       0x2c Src/main.o
 .debug_loc     0x000000000000f6f7       0x4d Src/spi.o
 .debug_loc     0x000000000000f744       0xa5 Src/stm32f4xx_hal_timebase_TIM.o
 .debug_loc     0x000000000000f7e9      0x11c Src/system_stm32f4xx.o
 .debug_loc     0x000000000000f905       0x4d Src/usart.o

.debug_aranges  0x0000000000000000     0x14e0
 .debug_aranges
                0x0000000000000000       0xd8 Drivers/STM32F4xx_HAL_Driver/Src/stm32f4xx_hal.o
 .debug_aranges
                0x00000000000000d8       0xb8 Drivers/STM32F4xx_HAL_Driver/Src/stm32f4xx_hal_adc.o
 .debug_aranges
                0x0000000000000190       0xa8 Drivers/STM32F4xx_HAL_Driver/Src/stm32f4xx_hal_cortex.o
 .debug_aranges
                0x0000000000000238       0x58 Drivers/STM32F4xx_HAL_Driver/Src/stm32f4xx_hal_gpio.o
 .debug_aranges
                0x0000000000000290      0x190 Drivers/STM32F4xx_HAL_Driver/Src/stm32f4xx_hal_i2c.o
 .debug_aranges
                0x0000000000000420       0xc8 Drivers/STM32F4xx_HAL_Driver/Src/stm32f4xx_hal_i2s.o
 .debug_aranges
                0x00000000000004e8       0x60 Drivers/STM32F4xx_HAL_Driver/Src/stm32f4xx_hal_i2s_ex.o
 .debug_aranges
                0x0000000000000548       0x88 Drivers/STM32F4xx_HAL_Driver/Src/stm32f4xx_hal_rcc.o
 .debug_aranges
                0x00000000000005d0       0x48 Drivers/STM32F4xx_HAL_Driver/Src/stm32f4xx_hal_rcc_ex.o
 .debug_aranges
                0x0000000000000618      0x180 Drivers/STM32F4xx_HAL_Driver/Src/stm32f4xx_hal_spi.o
 .debug_aranges
                0x0000000000000798      0x280 Drivers/STM32F4xx_HAL_Driver/Src/stm32f4xx_hal_tim.o
 .debug_aranges
                0x0000000000000a18      0x128 Drivers/STM32F4xx_HAL_Driver/Src/stm32f4xx_hal_tim_ex.o
 .debug_aranges
                0x0000000000000b40      0x170 Drivers/STM32F4xx_HAL_Driver/Src/stm32f4xx_hal_uart.o
 .debug_aranges
                0x0000000000000cb0      0x190 Middlewares/Third_Party/FreeRTOS/Source/CMSIS_RTOS/cmsis_os.o
 .debug_aranges
                0x0000000000000e40       0x40 Middlewares/Third_Party/FreeRTOS/Source/list.o
 .debug_aranges
                0x0000000000000e80       0x80 Middlewares/Third_Party/FreeRTOS/Source/portable/GCC/ARM_CM4F/port.o
 .debug_aranges
                0x0000000000000f00       0x48 Middlewares/Third_Party/FreeRTOS/Source/portable/MemMang/heap_4.o
 .debug_aranges
                0x0000000000000f48       0xc0 Middlewares/Third_Party/FreeRTOS/Source/queue.o
 .debug_aranges
                0x0000000000001008      0x170 Middlewares/Third_Party/FreeRTOS/Source/tasks.o
 .debug_aranges
                0x0000000000001178       0x40 Src/adc.o
 .debug_aranges
                0x00000000000011b8       0x20 Src/buttons.o
 .debug_aranges
                0x00000000000011d8       0x28 Src/dds.o
 .debug_aranges
                0x0000000000001200       0x48 Src/display.o
 .debug_aranges
                0x0000000000001248       0x28 Src/freertos.o
 .debug_aranges
                0x0000000000001270       0x18 Src/globals.o
 .debug_aranges
                0x0000000000001288       0x20 Src/gpio.o
 .debug_aranges
                0x00000000000012a8       0x38 Src/i2c.o
 .debug_aranges
                0x00000000000012e0       0x38 Src/i2s.o
 .debug_aranges
                0x0000000000001318       0x40 Src/main.o
 .debug_aranges
                0x0000000000001358       0x30 Src/spi.o
 .debug_aranges
                0x0000000000001388       0x20 Src/stm32f4xx_hal_msp.o
 .debug_aranges
                0x00000000000013a8       0x30 Src/stm32f4xx_hal_timebase_TIM.o
 .debug_aranges
                0x00000000000013d8       0x50 Src/stm32f4xx_it.o
 .debug_aranges
                0x0000000000001428       0x28 Src/system_stm32f4xx.o
 .debug_aranges
                0x0000000000001450       0x38 Src/tim.o
 .debug_aranges
                0x0000000000001488       0x30 Src/usart.o
 .debug_aranges
                0x00000000000014b8       0x28 startup/startup_stm32f407xx.o

.debug_ranges   0x0000000000000000     0x1aa8
 .debug_ranges  0x0000000000000000       0xc8 Drivers/STM32F4xx_HAL_Driver/Src/stm32f4xx_hal.o
 .debug_ranges  0x00000000000000c8       0xc8 Drivers/STM32F4xx_HAL_Driver/Src/stm32f4xx_hal_adc.o
 .debug_ranges  0x0000000000000190       0xe0 Drivers/STM32F4xx_HAL_Driver/Src/stm32f4xx_hal_cortex.o
 .debug_ranges  0x0000000000000270       0x60 Drivers/STM32F4xx_HAL_Driver/Src/stm32f4xx_hal_gpio.o
 .debug_ranges  0x00000000000002d0      0x358 Drivers/STM32F4xx_HAL_Driver/Src/stm32f4xx_hal_i2c.o
 .debug_ranges  0x0000000000000628       0xe8 Drivers/STM32F4xx_HAL_Driver/Src/stm32f4xx_hal_i2s.o
 .debug_ranges  0x0000000000000710       0x80 Drivers/STM32F4xx_HAL_Driver/Src/stm32f4xx_hal_i2s_ex.o
 .debug_ranges  0x0000000000000790       0xb8 Drivers/STM32F4xx_HAL_Driver/Src/stm32f4xx_hal_rcc.o
 .debug_ranges  0x0000000000000848       0x50 Drivers/STM32F4xx_HAL_Driver/Src/stm32f4xx_hal_rcc_ex.o
 .debug_ranges  0x0000000000000898      0x1d0 Drivers/STM32F4xx_HAL_Driver/Src/stm32f4xx_hal_spi.o
 .debug_ranges  0x0000000000000a68      0x398 Drivers/STM32F4xx_HAL_Driver/Src/stm32f4xx_hal_tim.o
 .debug_ranges  0x0000000000000e00      0x118 Drivers/STM32F4xx_HAL_Driver/Src/stm32f4xx_hal_tim_ex.o
 .debug_ranges  0x0000000000000f18      0x178 Drivers/STM32F4xx_HAL_Driver/Src/stm32f4xx_hal_uart.o
 .debug_ranges  0x0000000000001090      0x180 Middlewares/Third_Party/FreeRTOS/Source/CMSIS_RTOS/cmsis_os.o
 .debug_ranges  0x0000000000001210       0x30 Middlewares/Third_Party/FreeRTOS/Source/list.o
 .debug_ranges  0x0000000000001240       0x88 Middlewares/Third_Party/FreeRTOS/Source/portable/GCC/ARM_CM4F/port.o
 .debug_ranges  0x00000000000012c8       0x38 Middlewares/Third_Party/FreeRTOS/Source/portable/MemMang/heap_4.o
 .debug_ranges  0x0000000000001300      0x1a0 Middlewares/Third_Party/FreeRTOS/Source/queue.o
 .debug_ranges  0x00000000000014a0      0x270 Middlewares/Third_Party/FreeRTOS/Source/tasks.o
 .debug_ranges  0x0000000000001710       0x30 Src/adc.o
 .debug_ranges  0x0000000000001740       0x30 Src/buttons.o
 .debug_ranges  0x0000000000001770       0x48 Src/dds.o
 .debug_ranges  0x00000000000017b8       0x68 Src/display.o
 .debug_ranges  0x0000000000001820       0x18 Src/freertos.o
 .debug_ranges  0x0000000000001838       0x40 Src/gpio.o
 .debug_ranges  0x0000000000001878       0x28 Src/i2c.o
 .debug_ranges  0x00000000000018a0       0x70 Src/i2s.o
 .debug_ranges  0x0000000000001910       0x30 Src/main.o
 .debug_ranges  0x0000000000001940       0x40 Src/spi.o
 .debug_ranges  0x0000000000001980       0x10 Src/stm32f4xx_hal_msp.o
 .debug_ranges  0x0000000000001990       0x40 Src/stm32f4xx_hal_timebase_TIM.o
 .debug_ranges  0x00000000000019d0       0x40 Src/stm32f4xx_it.o
 .debug_ranges  0x0000000000001a10       0x18 Src/system_stm32f4xx.o
 .debug_ranges  0x0000000000001a28       0x28 Src/tim.o
 .debug_ranges  0x0000000000001a50       0x38 Src/usart.o
 .debug_ranges  0x0000000000001a88       0x20 startup/startup_stm32f407xx.o

.debug_line     0x0000000000000000     0xfce2
 .debug_line    0x0000000000000000      0x4a5 Drivers/STM32F4xx_HAL_Driver/Src/stm32f4xx_hal.o
 .debug_line    0x00000000000004a5      0x92c Drivers/STM32F4xx_HAL_Driver/Src/stm32f4xx_hal_adc.o
 .debug_line    0x0000000000000dd1      0x57f Drivers/STM32F4xx_HAL_Driver/Src/stm32f4xx_hal_cortex.o
 .debug_line    0x0000000000001350      0x564 Drivers/STM32F4xx_HAL_Driver/Src/stm32f4xx_hal_gpio.o
 .debug_line    0x00000000000018b4     0x1966 Drivers/STM32F4xx_HAL_Driver/Src/stm32f4xx_hal_i2c.o
 .debug_line    0x000000000000321a      0x83c Drivers/STM32F4xx_HAL_Driver/Src/stm32f4xx_hal_i2s.o
 .debug_line    0x0000000000003a56      0x66d Drivers/STM32F4xx_HAL_Driver/Src/stm32f4xx_hal_i2s_ex.o
 .debug_line    0x00000000000040c3      0x672 Drivers/STM32F4xx_HAL_Driver/Src/stm32f4xx_hal_rcc.o
 .debug_line    0x0000000000004735      0x483 Drivers/STM32F4xx_HAL_Driver/Src/stm32f4xx_hal_rcc_ex.o
 .debug_line    0x0000000000004bb8      0xc6b Drivers/STM32F4xx_HAL_Driver/Src/stm32f4xx_hal_spi.o
 .debug_line    0x0000000000005823     0x2c14 Drivers/STM32F4xx_HAL_Driver/Src/stm32f4xx_hal_tim.o
 .debug_line    0x0000000000008437      0xc4a Drivers/STM32F4xx_HAL_Driver/Src/stm32f4xx_hal_tim_ex.o
 .debug_line    0x0000000000009081      0xdae Drivers/STM32F4xx_HAL_Driver/Src/stm32f4xx_hal_uart.o
 .debug_line    0x0000000000009e2f      0x8e9 Middlewares/Third_Party/FreeRTOS/Source/CMSIS_RTOS/cmsis_os.o
 .debug_line    0x000000000000a718      0x38b Middlewares/Third_Party/FreeRTOS/Source/list.o
 .debug_line    0x000000000000aaa3      0x40e Middlewares/Third_Party/FreeRTOS/Source/portable/GCC/ARM_CM4F/port.o
 .debug_line    0x000000000000aeb1      0x438 Middlewares/Third_Party/FreeRTOS/Source/portable/MemMang/heap_4.o
 .debug_line    0x000000000000b2e9      0x830 Middlewares/Third_Party/FreeRTOS/Source/queue.o
 .debug_line    0x000000000000bb19      0xb91 Middlewares/Third_Party/FreeRTOS/Source/tasks.o
 .debug_line    0x000000000000c6aa      0x366 Src/adc.o
 .debug_line    0x000000000000ca10      0x39d Src/buttons.o
 .debug_line    0x000000000000cdad      0x2a2 Src/dds.o
 .debug_line    0x000000000000d04f      0x49b Src/display.o
 .debug_line    0x000000000000d4ea      0x3a2 Src/freertos.o
 .debug_line    0x000000000000d88c      0x234 Src/globals.o
 .debug_line    0x000000000000dac0      0x2cb Src/gpio.o
 .debug_line    0x000000000000dd8b      0x324 Src/i2c.o
 .debug_line    0x000000000000e0af      0x385 Src/i2s.o
 .debug_line    0x000000000000e434      0x450 Src/main.o
 .debug_line    0x000000000000e884      0x2f1 Src/spi.o
 .debug_line    0x000000000000eb75      0x268 Src/stm32f4xx_hal_msp.o
 .debug_line    0x000000000000eddd      0x307 Src/stm32f4xx_hal_timebase_TIM.o
 .debug_line    0x000000000000f0e4      0x32b Src/stm32f4xx_it.o
 .debug_line    0x000000000000f40f      0x254 Src/system_stm32f4xx.o
 .debug_line    0x000000000000f663      0x314 Src/tim.o
 .debug_line    0x000000000000f977      0x2ec Src/usart.o
 .debug_line    0x000000000000fc63       0x7f startup/startup_stm32f407xx.o

.debug_str      0x0000000000000000     0x73cc
 .debug_str     0x0000000000000000      0xf2c Drivers/STM32F4xx_HAL_Driver/Src/stm32f4xx_hal.o
                                        0xfd2 (size before relaxing)
 .debug_str     0x0000000000000f2c      0x6ba Drivers/STM32F4xx_HAL_Driver/Src/stm32f4xx_hal_adc.o
                                        0xdd2 (size before relaxing)
 .debug_str     0x00000000000015e6      0x3ba Drivers/STM32F4xx_HAL_Driver/Src/stm32f4xx_hal_cortex.o
                                       0x10bd (size before relaxing)
 .debug_str     0x00000000000019a0      0x1cd Drivers/STM32F4xx_HAL_Driver/Src/stm32f4xx_hal_gpio.o
                                        0x97f (size before relaxing)
 .debug_str     0x0000000000001b6d      0xa67 Drivers/STM32F4xx_HAL_Driver/Src/stm32f4xx_hal_i2c.o
                                       0x13c5 (size before relaxing)
 .debug_str     0x00000000000025d4      0x414 Drivers/STM32F4xx_HAL_Driver/Src/stm32f4xx_hal_i2s.o
                                        0xdaf (size before relaxing)
 .debug_str     0x00000000000029e8      0x1d1 Drivers/STM32F4xx_HAL_Driver/Src/stm32f4xx_hal_i2s_ex.o
                                        0xcd5 (size before relaxing)
 .debug_str     0x0000000000002bb9      0x2c9 Drivers/STM32F4xx_HAL_Driver/Src/stm32f4xx_hal_rcc.o
                                        0xb52 (size before relaxing)
 .debug_str     0x0000000000002e82      0x15e Drivers/STM32F4xx_HAL_Driver/Src/stm32f4xx_hal_rcc_ex.o
                                        0x94b (size before relaxing)
 .debug_str     0x0000000000002fe0      0x602 Drivers/STM32F4xx_HAL_Driver/Src/stm32f4xx_hal_spi.o
                                       0x1009 (size before relaxing)
 .debug_str     0x00000000000035e2      0xeda Drivers/STM32F4xx_HAL_Driver/Src/stm32f4xx_hal_tim.o
                                       0x1844 (size before relaxing)
 .debug_str     0x00000000000044bc      0x50d Drivers/STM32F4xx_HAL_Driver/Src/stm32f4xx_hal_tim_ex.o
                                       0x1104 (size before relaxing)
 .debug_str     0x00000000000049c9      0x675 Drivers/STM32F4xx_HAL_Driver/Src/stm32f4xx_hal_uart.o
                                       0x1081 (size before relaxing)
 .debug_str     0x000000000000503e      0xb40 Middlewares/Third_Party/FreeRTOS/Source/CMSIS_RTOS/cmsis_os.o
                                       0x1239 (size before relaxing)
 .debug_str     0x0000000000005b7e      0x159 Middlewares/Third_Party/FreeRTOS/Source/list.o
                                        0x7aa (size before relaxing)
 .debug_str     0x0000000000005cd7      0x21e Middlewares/Third_Party/FreeRTOS/Source/portable/GCC/ARM_CM4F/port.o
                                        0x8e3 (size before relaxing)
 .debug_str     0x0000000000005ef5      0x1e8 Middlewares/Third_Party/FreeRTOS/Source/portable/MemMang/heap_4.o
                                        0x881 (size before relaxing)
 .debug_str     0x00000000000060dd      0x46d Middlewares/Third_Party/FreeRTOS/Source/queue.o
                                        0xd91 (size before relaxing)
 .debug_str     0x000000000000654a      0x6f3 Middlewares/Third_Party/FreeRTOS/Source/tasks.o
                                       0x1293 (size before relaxing)
 .debug_str     0x0000000000006c3d       0x5f Src/adc.o
                                        0xc90 (size before relaxing)
 .debug_str     0x0000000000006c9c      0x1ee Src/buttons.o
                                        0x8d2 (size before relaxing)
 .debug_str     0x0000000000006e8a       0x2b Src/dds.o
                                        0x6da (size before relaxing)
 .debug_str     0x0000000000006eb5      0x15a Src/display.o
                                        0x8a9 (size before relaxing)
 .debug_str     0x000000000000700f       0xef Src/freertos.o
                                        0xa30 (size before relaxing)
 .debug_str     0x00000000000070fe       0x11 Src/globals.o
                                        0x669 (size before relaxing)
 .debug_str     0x000000000000710f       0x1b Src/gpio.o
                                        0x80a (size before relaxing)
 .debug_str     0x000000000000712a       0x3d Src/i2c.o
                                        0xd38 (size before relaxing)
 .debug_str     0x0000000000007167       0x3d Src/i2s.o
                                        0xc85 (size before relaxing)
 .debug_str     0x00000000000071a4       0x7f Src/main.o
                                       0x1bbe (size before relaxing)
 .debug_str     0x0000000000007223       0x17 Src/spi.o
                                        0xc6e (size before relaxing)
 .debug_str     0x000000000000723a       0x1b Src/stm32f4xx_hal_msp.o
                                        0xb76 (size before relaxing)
 .debug_str     0x0000000000007255       0x61 Src/stm32f4xx_hal_timebase_TIM.o
                                       0x11db (size before relaxing)
 .debug_str     0x00000000000072b6       0x9b Src/stm32f4xx_it.o
                                        0xb01 (size before relaxing)
 .debug_str     0x0000000000007351       0x45 Src/system_stm32f4xx.o
                                        0x7d5 (size before relaxing)
 .debug_str     0x0000000000007396       0x1c Src/tim.o
                                        0xcf1 (size before relaxing)
 .debug_str     0x00000000000073b2       0x1a Src/usart.o
                                        0xc4f (size before relaxing)

.comment        0x0000000000000000       0x7c
 .comment       0x0000000000000000       0x7c Drivers/STM32F4xx_HAL_Driver/Src/stm32f4xx_hal.o
                                         0x7d (size before relaxing)
 .comment       0x000000000000007c       0x7d Drivers/STM32F4xx_HAL_Driver/Src/stm32f4xx_hal_adc.o
 .comment       0x000000000000007c       0x7d Drivers/STM32F4xx_HAL_Driver/Src/stm32f4xx_hal_cortex.o
 .comment       0x000000000000007c       0x7d Drivers/STM32F4xx_HAL_Driver/Src/stm32f4xx_hal_gpio.o
 .comment       0x000000000000007c       0x7d Drivers/STM32F4xx_HAL_Driver/Src/stm32f4xx_hal_i2c.o
 .comment       0x000000000000007c       0x7d Drivers/STM32F4xx_HAL_Driver/Src/stm32f4xx_hal_i2s.o
 .comment       0x000000000000007c       0x7d Drivers/STM32F4xx_HAL_Driver/Src/stm32f4xx_hal_i2s_ex.o
 .comment       0x000000000000007c       0x7d Drivers/STM32F4xx_HAL_Driver/Src/stm32f4xx_hal_rcc.o
 .comment       0x000000000000007c       0x7d Drivers/STM32F4xx_HAL_Driver/Src/stm32f4xx_hal_rcc_ex.o
 .comment       0x000000000000007c       0x7d Drivers/STM32F4xx_HAL_Driver/Src/stm32f4xx_hal_spi.o
 .comment       0x000000000000007c       0x7d Drivers/STM32F4xx_HAL_Driver/Src/stm32f4xx_hal_tim.o
 .comment       0x000000000000007c       0x7d Drivers/STM32F4xx_HAL_Driver/Src/stm32f4xx_hal_tim_ex.o
 .comment       0x000000000000007c       0x7d Drivers/STM32F4xx_HAL_Driver/Src/stm32f4xx_hal_uart.o
 .comment       0x000000000000007c       0x7d Middlewares/Third_Party/FreeRTOS/Source/CMSIS_RTOS/cmsis_os.o
 .comment       0x000000000000007c       0x7d Middlewares/Third_Party/FreeRTOS/Source/list.o
 .comment       0x000000000000007c       0x7d Middlewares/Third_Party/FreeRTOS/Source/portable/GCC/ARM_CM4F/port.o
 .comment       0x000000000000007c       0x7d Middlewares/Third_Party/FreeRTOS/Source/portable/MemMang/heap_4.o
 .comment       0x000000000000007c       0x7d Middlewares/Third_Party/FreeRTOS/Source/queue.o
 .comment       0x000000000000007c       0x7d Middlewares/Third_Party/FreeRTOS/Source/tasks.o
 .comment       0x000000000000007c       0x7d Src/adc.o
 .comment       0x000000000000007c       0x7d Src/buttons.o
 .comment       0x000000000000007c       0x7d Src/dds.o
 .comment       0x000000000000007c       0x7d Src/display.o
 .comment       0x000000000000007c       0x7d Src/freertos.o
 .comment       0x000000000000007c       0x7d Src/globals.o
 .comment       0x000000000000007c       0x7d Src/gpio.o
 .comment       0x000000000000007c       0x7d Src/i2c.o
 .comment       0x000000000000007c       0x7d Src/i2s.o
 .comment       0x000000000000007c       0x7d Src/main.o
 .comment       0x000000000000007c       0x7d Src/spi.o
 .comment       0x000000000000007c       0x7d Src/stm32f4xx_hal_msp.o
 .comment       0x000000000000007c       0x7d Src/stm32f4xx_hal_timebase_TIM.o
 .comment       0x000000000000007c       0x7d Src/stm32f4xx_it.o
 .comment       0x000000000000007c       0x7d Src/system_stm32f4xx.o
 .comment       0x000000000000007c       0x7d Src/tim.o
 .comment       0x000000000000007c       0x7d Src/usart.o

.debug_frame    0x0000000000000000     0x3fb8
 .debug_frame   0x0000000000000000      0x1d0 Drivers/STM32F4xx_HAL_Driver/Src/stm32f4xx_hal.o
 .debug_frame   0x00000000000001d0      0x264 Drivers/STM32F4xx_HAL_Driver/Src/stm32f4xx_hal_adc.o
 .debug_frame   0x0000000000000434      0x1a0 Drivers/STM32F4xx_HAL_Driver/Src/stm32f4xx_hal_cortex.o
 .debug_frame   0x00000000000005d4      0x100 Drivers/STM32F4xx_HAL_Driver/Src/stm32f4xx_hal_gpio.o
 .debug_frame   0x00000000000006d4      0x69c Drivers/STM32F4xx_HAL_Driver/Src/stm32f4xx_hal_i2c.o
 .debug_frame   0x0000000000000d70      0x278 Drivers/STM32F4xx_HAL_Driver/Src/stm32f4xx_hal_i2s.o
 .debug_frame   0x0000000000000fe8      0x128 Drivers/STM32F4xx_HAL_Driver/Src/stm32f4xx_hal_i2s_ex.o
 .debug_frame   0x0000000000001110      0x144 Drivers/STM32F4xx_HAL_Driver/Src/stm32f4xx_hal_rcc.o
 .debug_frame   0x0000000000001254       0xac Drivers/STM32F4xx_HAL_Driver/Src/stm32f4xx_hal_rcc_ex.o
 .debug_frame   0x0000000000001300      0x578 Drivers/STM32F4xx_HAL_Driver/Src/stm32f4xx_hal_spi.o
 .debug_frame   0x0000000000001878      0x9a8 Drivers/STM32F4xx_HAL_Driver/Src/stm32f4xx_hal_tim.o
 .debug_frame   0x0000000000002220      0x3ec Drivers/STM32F4xx_HAL_Driver/Src/stm32f4xx_hal_tim_ex.o
 .debug_frame   0x000000000000260c      0x4b8 Drivers/STM32F4xx_HAL_Driver/Src/stm32f4xx_hal_uart.o
 .debug_frame   0x0000000000002ac4      0x4d4 Middlewares/Third_Party/FreeRTOS/Source/CMSIS_RTOS/cmsis_os.o
 .debug_frame   0x0000000000002f98       0x6c Middlewares/Third_Party/FreeRTOS/Source/list.o
 .debug_frame   0x0000000000003004       0xf0 Middlewares/Third_Party/FreeRTOS/Source/portable/GCC/ARM_CM4F/port.o
 .debug_frame   0x00000000000030f4       0x98 Middlewares/Third_Party/FreeRTOS/Source/portable/MemMang/heap_4.o
 .debug_frame   0x000000000000318c      0x264 Middlewares/Third_Party/FreeRTOS/Source/queue.o
 .debug_frame   0x00000000000033f0      0x4a8 Middlewares/Third_Party/FreeRTOS/Source/tasks.o
 .debug_frame   0x0000000000003898       0x90 Src/adc.o
 .debug_frame   0x0000000000003928       0x38 Src/buttons.o
 .debug_frame   0x0000000000003960       0x54 Src/dds.o
 .debug_frame   0x00000000000039b4       0xb4 Src/display.o
 .debug_frame   0x0000000000003a68       0x5c Src/freertos.o
 .debug_frame   0x0000000000003ac4       0x3c Src/gpio.o
 .debug_frame   0x0000000000003b00       0x80 Src/i2c.o
 .debug_frame   0x0000000000003b80       0x94 Src/i2s.o
 .debug_frame   0x0000000000003c14       0x7c Src/main.o
 .debug_frame   0x0000000000003c90       0x58 Src/spi.o
 .debug_frame   0x0000000000003ce8       0x2c Src/stm32f4xx_hal_msp.o
 .debug_frame   0x0000000000003d14       0x54 Src/stm32f4xx_hal_timebase_TIM.o
 .debug_frame   0x0000000000003d68       0x90 Src/stm32f4xx_it.o
 .debug_frame   0x0000000000003df8       0x38 Src/system_stm32f4xx.o
 .debug_frame   0x0000000000003e30       0x7c Src/tim.o
 .debug_frame   0x0000000000003eac       0x58 Src/usart.o
 .debug_frame   0x0000000000003f04       0x2c /opt/Atollic_TrueSTUDIO_for_STM32_x86_64_9.0.0/ARMTools/bin/../lib/gcc/arm-atollic-eabi/6.3.1/../../../../arm-atollic-eabi/lib/armv7e-m/fpu/libc_nano.a(lib_a-init.o)
 .debug_frame   0x0000000000003f30       0x28 /opt/Atollic_TrueSTUDIO_for_STM32_x86_64_9.0.0/ARMTools/bin/../lib/gcc/arm-atollic-eabi/6.3.1/../../../../arm-atollic-eabi/lib/armv7e-m/fpu/libc_nano.a(lib_a-memcpy-stub.o)
 .debug_frame   0x0000000000003f58       0x2c /opt/Atollic_TrueSTUDIO_for_STM32_x86_64_9.0.0/ARMTools/bin/../lib/gcc/arm-atollic-eabi/6.3.1/armv7e-m/fpu/libgcc.a(_aeabi_uldivmod.o)
 .debug_frame   0x0000000000003f84       0x34 /opt/Atollic_TrueSTUDIO_for_STM32_x86_64_9.0.0/ARMTools/bin/../lib/gcc/arm-atollic-eabi/6.3.1/armv7e-m/fpu/libgcc.a(_udivmoddi4.o)
