usbh_conf.c:89:6:HAL_HCD_MspInit	32	static
usbh_conf.c:121:6:HAL_HCD_MspDeInit	8	static
usbh_conf.c:151:6:HAL_HCD_SOF_Callback	0	static
usbh_conf.c:161:6:HAL_HCD_Connect_Callback	0	static
usbh_conf.c:171:6:HAL_HCD_Disconnect_Callback	0	static
usbh_conf.c:183:6:HAL_HCD_HC_NotifyURBChange_Callback	0	static
usbh_conf.c:200:20:USBH_LL_Init	8	static
usbh_conf.c:229:20:USBH_LL_DeInit	8	static
usbh_conf.c:261:20:USBH_LL_Start	8	static
usbh_conf.c:293:20:USBH_LL_Stop	8	static
usbh_conf.c:325:19:USBH_LL_GetSpeed	8	static
usbh_conf.c:355:20:USBH_LL_ResetPort	8	static
usbh_conf.c:387:10:USBH_LL_GetLastXferSize	0	static
usbh_conf.c:403:20:USBH_LL_OpenPipe	24	static
usbh_conf.c:438:20:USBH_LL_ClosePipe	8	static
usbh_conf.c:492:20:USBH_LL_SubmitURB	24	static
usbh_conf.c:537:22:USBH_LL_GetURBState	0	static
usbh_conf.c:551:20:USBH_LL_DriverVBUS	8	static
usbh_conf.c:588:20:USBH_LL_SetToggle	0	static
usbh_conf.c:611:9:USBH_LL_GetToggle	0	static
usbh_conf.c:633:6:USBH_Delay	0	static
